Archive member included to satisfy reference by file (symbol)

/usr/local/Cellar/arm-none-eabi-gcc/10.3-2021.07/gcc/bin/../lib/gcc/arm-none-eabi/10.3.1/thumb/v6-m/nofp/libgcc.a(_dvmd_tls.o)
                              CMakeFiles/arducam_firmware.dir/Users/xiayuzeng/pico/pico-sdk/src/rp2_common/pico_divider/divider.S.obj (__aeabi_idiv0)
/usr/local/Cellar/arm-none-eabi-gcc/10.3-2021.07/gcc/bin/../lib/gcc/arm-none-eabi/10.3.1/../../../../arm-none-eabi/lib/thumb/v6-m/nofp/libg.a(lib_a-calloc.o)
                              CMakeFiles/arducam_firmware.dir/Users/xiayuzeng/pico/pico-sdk/src/rp2_common/pico_malloc/pico_malloc.c.obj (calloc)
/usr/local/Cellar/arm-none-eabi-gcc/10.3-2021.07/gcc/bin/../lib/gcc/arm-none-eabi/10.3.1/../../../../arm-none-eabi/lib/thumb/v6-m/nofp/libg.a(lib_a-callocr.o)
                              /usr/local/Cellar/arm-none-eabi-gcc/10.3-2021.07/gcc/bin/../lib/gcc/arm-none-eabi/10.3.1/../../../../arm-none-eabi/lib/thumb/v6-m/nofp/libg.a(lib_a-calloc.o) (_calloc_r)
/usr/local/Cellar/arm-none-eabi-gcc/10.3-2021.07/gcc/bin/../lib/gcc/arm-none-eabi/10.3.1/../../../../arm-none-eabi/lib/thumb/v6-m/nofp/libg.a(lib_a-ctype_.o)
                              CMakeFiles/arducam_firmware.dir/Users/xiayuzeng/pico/pico-sdk/lib/tinyusb/src/tusb.c.obj (_ctype_)
/usr/local/Cellar/arm-none-eabi-gcc/10.3-2021.07/gcc/bin/../lib/gcc/arm-none-eabi/10.3.1/../../../../arm-none-eabi/lib/thumb/v6-m/nofp/libg.a(lib_a-errno.o)
                              /usr/local/Cellar/arm-none-eabi-gcc/10.3-2021.07/gcc/bin/../lib/gcc/arm-none-eabi/10.3.1/../../../../arm-none-eabi/lib/thumb/v6-m/nofp/libg.a(lib_a-callocr.o) (__errno)
/usr/local/Cellar/arm-none-eabi-gcc/10.3-2021.07/gcc/bin/../lib/gcc/arm-none-eabi/10.3.1/../../../../arm-none-eabi/lib/thumb/v6-m/nofp/libg.a(lib_a-impure.o)
                              /usr/local/Cellar/arm-none-eabi-gcc/10.3-2021.07/gcc/bin/../lib/gcc/arm-none-eabi/10.3.1/../../../../arm-none-eabi/lib/thumb/v6-m/nofp/libg.a(lib_a-calloc.o) (_impure_ptr)
/usr/local/Cellar/arm-none-eabi-gcc/10.3-2021.07/gcc/bin/../lib/gcc/arm-none-eabi/10.3.1/../../../../arm-none-eabi/lib/thumb/v6-m/nofp/libg.a(lib_a-init.o)
                              /usr/local/Cellar/arm-none-eabi-gcc/10.3-2021.07/gcc/bin/../lib/gcc/arm-none-eabi/10.3.1/../../../../arm-none-eabi/lib/thumb/v6-m/nofp/crt0.o (__libc_init_array)
/usr/local/Cellar/arm-none-eabi-gcc/10.3-2021.07/gcc/bin/../lib/gcc/arm-none-eabi/10.3.1/../../../../arm-none-eabi/lib/thumb/v6-m/nofp/libg.a(lib_a-malloc.o)
                              CMakeFiles/arducam_firmware.dir/Users/xiayuzeng/pico/pico-sdk/src/rp2_common/pico_malloc/pico_malloc.c.obj (malloc)
/usr/local/Cellar/arm-none-eabi-gcc/10.3-2021.07/gcc/bin/../lib/gcc/arm-none-eabi/10.3.1/../../../../arm-none-eabi/lib/thumb/v6-m/nofp/libg.a(lib_a-mallocr.o)
                              /usr/local/Cellar/arm-none-eabi-gcc/10.3-2021.07/gcc/bin/../lib/gcc/arm-none-eabi/10.3.1/../../../../arm-none-eabi/lib/thumb/v6-m/nofp/libg.a(lib_a-callocr.o) (_malloc_r)
/usr/local/Cellar/arm-none-eabi-gcc/10.3-2021.07/gcc/bin/../lib/gcc/arm-none-eabi/10.3.1/../../../../arm-none-eabi/lib/thumb/v6-m/nofp/libg.a(lib_a-mlock.o)
                              /usr/local/Cellar/arm-none-eabi-gcc/10.3-2021.07/gcc/bin/../lib/gcc/arm-none-eabi/10.3.1/../../../../arm-none-eabi/lib/thumb/v6-m/nofp/libg.a(lib_a-mallocr.o) (__malloc_lock)
/usr/local/Cellar/arm-none-eabi-gcc/10.3-2021.07/gcc/bin/../lib/gcc/arm-none-eabi/10.3.1/../../../../arm-none-eabi/lib/thumb/v6-m/nofp/libg.a(lib_a-realloc.o)
                              CMakeFiles/arducam_firmware.dir/Users/xiayuzeng/pico/pico-sdk/src/rp2_common/pico_malloc/pico_malloc.c.obj (realloc)
/usr/local/Cellar/arm-none-eabi-gcc/10.3-2021.07/gcc/bin/../lib/gcc/arm-none-eabi/10.3.1/../../../../arm-none-eabi/lib/thumb/v6-m/nofp/libg.a(lib_a-reallocr.o)
                              /usr/local/Cellar/arm-none-eabi-gcc/10.3-2021.07/gcc/bin/../lib/gcc/arm-none-eabi/10.3.1/../../../../arm-none-eabi/lib/thumb/v6-m/nofp/libg.a(lib_a-realloc.o) (_realloc_r)
/usr/local/Cellar/arm-none-eabi-gcc/10.3-2021.07/gcc/bin/../lib/gcc/arm-none-eabi/10.3.1/../../../../arm-none-eabi/lib/thumb/v6-m/nofp/libg.a(lib_a-sbrkr.o)
                              /usr/local/Cellar/arm-none-eabi-gcc/10.3-2021.07/gcc/bin/../lib/gcc/arm-none-eabi/10.3.1/../../../../arm-none-eabi/lib/thumb/v6-m/nofp/libg.a(lib_a-mallocr.o) (_sbrk_r)
/usr/local/Cellar/arm-none-eabi-gcc/10.3-2021.07/gcc/bin/../lib/gcc/arm-none-eabi/10.3.1/../../../../arm-none-eabi/lib/thumb/v6-m/nofp/libg.a(lib_a-strlen-stub.o)
                              CMakeFiles/arducam_firmware.dir/Users/xiayuzeng/pico/pico-sdk/src/rp2_common/pico_stdio/stdio.c.obj (strlen)
/usr/local/Cellar/arm-none-eabi-gcc/10.3-2021.07/gcc/bin/../lib/gcc/arm-none-eabi/10.3.1/../../../../arm-none-eabi/lib/thumb/v6-m/nofp/libg.a(lib_a-freer.o)
[...]
Memory Configuration

Name             Origin             Length             Attributes
FLASH            0x0000000010000000 0x0000000000200000 xr
RAM              0x0000000020000000 0x0000000000040000 xrw
SCRATCH_X        0x0000000020040000 0x0000000000001000 xrw
SCRATCH_Y        0x0000000020041000 0x0000000000001000 xrw
*default*        0x0000000000000000 0xffffffffffffffff

Linker script and memory map

LOAD /usr/local/Cellar/arm-none-eabi-gcc/10.3-2021.07/gcc/bin/../lib/gcc/arm-none-eabi/10.3.1/thumb/v6-m/nofp/crti.o
LOAD /usr/local/Cellar/arm-none-eabi-gcc/10.3-2021.07/gcc/bin/../lib/gcc/arm-none-eabi/10.3.1/thumb/v6-m/nofp/crtbegin.o
LOAD /usr/local/Cellar/arm-none-eabi-gcc/10.3-2021.07/gcc/bin/../lib/gcc/arm-none-eabi/10.3.1/../../../../arm-none-eabi/lib/thumb/v6-m/nofp/crt0.o

.flash_begin    0x0000000010000000        0x0
                0x0000000010000000                __flash_binary_start = .

.boot2          0x0000000010000000      0x100
                0x0000000010000000                __boot2_start__ = .
 *(.boot2)
 .boot2         0x0000000010000000      0x100 /var/folders/jl/s2pkbm9s0mz4gfm8n5x7jfnr0000gn/T//ccMhjbWH.o
                0x0000000010000100                __boot2_end__ = .
                0x0000000000000001                ASSERT (((__boot2_end__ - __boot2_start__) == 0x100), ERROR: Pico second stage bootloader must be 256 bytes in size)

.text           0x0000000010000100     0x8ca8
                0x0000000010000100                __logical_binary_start = .
 *(.vectors)
 .vectors       0x0000000010000100       0xd4 CMakeFiles/arducam_firmware.dir/Users/xiayuzeng/pico/pico-sdk/src/rp2_common/pico_standard_link/crt0.S.obj
                0x0000000010000100                __VECTOR_TABLE
                0x0000000010000100                __vectors
                0x00000000100001c0                __default_isrs_start
                0x00000000100001c0                isr_invalid
                0x00000000100001c2                isr_nmi
                0x00000000100001c4                isr_hardfault
                0x00000000100001c6                isr_svcall
                0x00000000100001c8                isr_pendsv
                0x00000000100001ca                isr_systick
                0x00000000100001cc                isr_irq28
                0x00000000100001cc                isr_irq19
                0x00000000100001cc                isr_irq0
                0x00000000100001cc                isr_irq6
                0x00000000100001cc                isr_irq22
                0x00000000100001cc                isr_irq17
                0x00000000100001cc                isr_irq14
                0x00000000100001cc                isr_irq2
                0x00000000100001cc                isr_irq10
                0x00000000100001cc                isr_irq8
                0x00000000100001cc                isr_irq24
                0x00000000100001cc                isr_irq1
                0x00000000100001cc                isr_irq7
                0x00000000100001cc                isr_irq21
                0x00000000100001cc                isr_irq20
                0x00000000100001cc                isr_irq15
                0x00000000100001cc                isr_irq25
                0x00000000100001cc                isr_irq4
                0x00000000100001cc                isr_irq16
                0x00000000100001cc                isr_irq29
                0x00000000100001cc                isr_irq26
                0x00000000100001cc                __default_isrs_end
                0x00000000100001cc                isr_irq3
                0x00000000100001cc                isr_irq9
                0x00000000100001cc                __unhandled_user_irq
                0x00000000100001cc                isr_irq13
                0x00000000100001cc                isr_irq27
                0x00000000100001cc                isr_irq31
                0x00000000100001cc                isr_irq5
                0x00000000100001cc                isr_irq11
                0x00000000100001cc                isr_irq23
                0x00000000100001cc                isr_irq18
                0x00000000100001cc                isr_irq30
                0x00000000100001cc                isr_irq12
                0x00000000100001d2                unhandled_user_irq_num_in_r0
 *(.binary_info_header)
 .binary_info_header
                0x00000000100001d4       0x14 CMakeFiles/arducam_firmware.dir/Users/xiayuzeng/pico/pico-sdk/src/rp2_common/pico_standard_link/crt0.S.obj
                0x00000000100001e8                __binary_info_header_end = .
 *(.reset)
 .reset         0x00000000100001e8       0xa8 CMakeFiles/arducam_firmware.dir/Users/xiayuzeng/pico/pico-sdk/src/rp2_common/pico_standard_link/crt0.S.obj
                0x00000000100001e8                _entry_point
                0x0000000010000266                __get_current_exception
 .reset         0x0000000010000290       0x30 CMakeFiles/arducam_firmware.dir/Users/xiayuzeng/pico/pico-sdk/src/rp2_common/pico_standard_link/binary_info.c.obj
 *(.init)
 .init          0x00000000100002c0        0x4 /usr/local/Cellar/arm-none-eabi-gcc/10.3-2021.07/gcc/bin/../lib/gcc/arm-none-eabi/10.3.1/thumb/v6-m/nofp/crti.o
                0x00000000100002c0                _init
 *(EXCLUDE_FILE(*libm.a: *libc.a:*lib_a-mem*.o *libgcc.a:) .text*)
 .text          0x00000000100002c4       0x48 /usr/local/Cellar/arm-none-eabi-gcc/10.3-2021.07/gcc/bin/../lib/gcc/arm-none-eabi/10.3.1/thumb/v6-m/nofp/crtbegin.o
 .text.image_program_init
                0x000000001000030c       0xb4 CMakeFiles/arducam_firmware.dir/arducam/arducam.c.obj
                0x000000001000030c                image_program_init
 .text.sccb_bus_start
                0x00000000100003c0       0x68 CMakeFiles/arducam_firmware.dir/arducam/arducam.c.obj
                0x00000000100003c0                sccb_bus_start
 .text.sccb_bus_stop
                0x0000000010000428       0x4c CMakeFiles/arducam_firmware.dir/arducam/arducam.c.obj
                0x0000000010000428                sccb_bus_stop
 .text.sccb_bus_write_byte
                0x0000000010000474       0xdc CMakeFiles/arducam_firmware.dir/arducam/arducam.c.obj
                0x0000000010000474                sccb_bus_write_byte
 .text.wrSensorReg16_8
                0x0000000010000550       0x72 CMakeFiles/arducam_firmware.dir/arducam/arducam.c.obj
                0x0000000010000550                wrSensorReg16_8
 *fill*         0x00000000100005c2        0x2 
 .text.arducam_capture_frame
                0x00000000100005c4      0x12c CMakeFiles/arducam_firmware.dir/arducam/arducam.c.obj
                0x00000000100005c4                arducam_capture_frame
 .text.arducam_reg_write
                0x00000000100006f0       0x2c CMakeFiles/arducam_firmware.dir/arducam/arducam.c.obj
                0x00000000100006f0                arducam_reg_write
 .text.arducam_regs_write
                0x000000001000071c       0x24 CMakeFiles/arducam_firmware.dir/arducam/arducam.c.obj
                0x000000001000071c                arducam_regs_write
 .text.arducam_init
                0x0000000010000740       0xf8 CMakeFiles/arducam_firmware.dir/arducam/arducam.c.obj
                0x0000000010000740                arducam_init
 .text.getMax   0x0000000010000838       0x44 CMakeFiles/arducam_firmware.dir/main.c.obj
                0x0000000010000838                getMax
 .text.core1_entry
                0x000000001000087c      0x728 CMakeFiles/arducam_firmware.dir/main.c.obj
                0x000000001000087c                core1_entry
 .text.main     0x0000000010000fa4       0xc8 CMakeFiles/arducam_firmware.dir/main.c.obj
                0x0000000010000fa4                main
 .text.ST7735_Select
                0x000000001000106c       0x14 CMakeFiles/arducam_firmware.dir/lib/st7735.c.obj
 .text.ST7735_Reset
                0x0000000010001080       0x20 CMakeFiles/arducam_firmware.dir/lib/st7735.c.obj
 .text.ST7735_WriteCommand
                0x00000000100010a0       0x2c CMakeFiles/arducam_firmware.dir/lib/st7735.c.obj
 .text.ST7735_WriteData
                0x00000000100010cc       0x24 CMakeFiles/arducam_firmware.dir/lib/st7735.c.obj
 .text.ST7735_ExecuteCommandList
                0x00000000100010f0       0x4e CMakeFiles/arducam_firmware.dir/lib/st7735.c.obj
 .text.ST7735_SetAddressWindow
                0x000000001000113e       0x50 CMakeFiles/arducam_firmware.dir/lib/st7735.c.obj
 .text.ST7735_WriteChar
                0x000000001000118e       0xac CMakeFiles/arducam_firmware.dir/lib/st7735.c.obj
 *fill*         0x000000001000123a        0x2 
 .text.ST7735_Unselect
                0x000000001000123c       0x14 CMakeFiles/arducam_firmware.dir/lib/st7735.c.obj
                0x000000001000123c                ST7735_Unselect
 .text.ST7735_Init
                0x0000000010001250       0x34 CMakeFiles/arducam_firmware.dir/lib/st7735.c.obj
                0x0000000010001250                ST7735_Init
 .text.ST7735_WriteString
                0x0000000010001284       0x82 CMakeFiles/arducam_firmware.dir/lib/st7735.c.obj
                0x0000000010001284                ST7735_WriteString
 .text.ST7735_DrawImage
                0x0000000010001306       0x36 CMakeFiles/arducam_firmware.dir/lib/st7735.c.obj
                0x0000000010001306                ST7735_DrawImage
 .text.DEV_Digital_Write
                0x000000001000133c       0x18 CMakeFiles/arducam_firmware.dir/lib/DEV_Config.c.obj
                0x000000001000133c                DEV_Digital_Write
 .text.DEV_GPIO_Mode
                0x0000000010001354       0x26 CMakeFiles/arducam_firmware.dir/lib/DEV_Config.c.obj
                0x0000000010001354                DEV_GPIO_Mode
 *fill*         0x000000001000137a        0x2 
 .text.DEV_GPIO_Init
                0x000000001000137c       0x38 CMakeFiles/arducam_firmware.dir/lib/DEV_Config.c.obj
                0x000000001000137c                DEV_GPIO_Init
 .text.DEV_Module_Init
                0x00000000100013b4       0x40 CMakeFiles/arducam_firmware.dir/lib/DEV_Config.c.obj
                0x00000000100013b4                DEV_Module_Init
 .text.set_sys_clock_pll
                0x00000000100013f4       0x78 CMakeFiles/arducam_firmware.dir/Users/xiayuzeng/pico/pico-sdk/src/rp2_common/pico_stdlib/stdlib.c.obj
                0x00000000100013f4                set_sys_clock_pll
 .text.check_sys_clock_khz
                0x000000001000146c       0xb0 CMakeFiles/arducam_firmware.dir/Users/xiayuzeng/pico/pico-sdk/src/rp2_common/pico_stdlib/stdlib.c.obj
                0x000000001000146c                check_sys_clock_khz
 .text.gpio_set_function
                0x000000001000151c       0x30 CMakeFiles/arducam_firmware.dir/Users/xiayuzeng/pico/pico-sdk/src/rp2_common/hardware_gpio/gpio.c.obj
                0x000000001000151c                gpio_set_function
 .text.gpio_init
                0x000000001000154c       0x16 CMakeFiles/arducam_firmware.dir/Users/xiayuzeng/pico/pico-sdk/src/rp2_common/hardware_gpio/gpio.c.obj
                0x000000001000154c                gpio_init
 *fill*         0x0000000010001562        0x2 
 .text.hw_claim_lock
                0x0000000010001564       0x18 CMakeFiles/arducam_firmware.dir/Users/xiayuzeng/pico/pico-sdk/src/rp2_common/hardware_claim/claim.c.obj
                0x0000000010001564                hw_claim_lock
 .text.hw_claim_unlock
                0x000000001000157c       0x14 CMakeFiles/arducam_firmware.dir/Users/xiayuzeng/pico/pico-sdk/src/rp2_common/hardware_claim/claim.c.obj
                0x000000001000157c                hw_claim_unlock
 .text.hw_claim_or_assert
                0x0000000010001590       0x32 CMakeFiles/arducam_firmware.dir/Users/xiayuzeng/pico/pico-sdk/src/rp2_common/hardware_claim/claim.c.obj
                0x0000000010001590                hw_claim_or_assert
 .text.hw_claim_unused_from_range
                0x00000000100015c2       0x50 CMakeFiles/arducam_firmware.dir/Users/xiayuzeng/pico/pico-sdk/src/rp2_common/hardware_claim/claim.c.obj
                0x00000000100015c2                hw_claim_unused_from_range
 *fill*         0x0000000010001612        0x2 
 .text.running_on_fpga
                0x0000000010001614       0x14 CMakeFiles/arducam_firmware.dir/Users/xiayuzeng/pico/pico-sdk/src/rp2_common/pico_platform/platform.c.obj
                0x0000000010001614                running_on_fpga
 .text.spin_locks_reset
                0x0000000010001628       0x20 CMakeFiles/arducam_firmware.dir/Users/xiayuzeng/pico/pico-sdk/src/rp2_common/hardware_sync/sync.c.obj
                0x0000000010001628                spin_locks_reset
 .text.next_striped_spin_lock_num
                0x0000000010001648       0x1c CMakeFiles/arducam_firmware.dir/Users/xiayuzeng/pico/pico-sdk/src/rp2_common/hardware_sync/sync.c.obj
                0x0000000010001648                next_striped_spin_lock_num
 .text.spin_lock_claim_unused
                0x0000000010001664       0x20 CMakeFiles/arducam_firmware.dir/Users/xiayuzeng/pico/pico-sdk/src/rp2_common/hardware_sync/sync.c.obj
                0x0000000010001664                spin_lock_claim_unused
 .text.set_raw_irq_handler_and_unlock
                0x0000000010001684       0x28 CMakeFiles/arducam_firmware.dir/Users/xiayuzeng/pico/pico-sdk/src/rp2_common/hardware_irq/irq.c.obj
 .text.make_branch
                0x00000000100016ac       0x48 CMakeFiles/arducam_firmware.dir/Users/xiayuzeng/pico/pico-sdk/src/rp2_common/hardware_irq/irq.c.obj
 .text.insert_branch_and_link
                0x00000000100016f4       0x40 CMakeFiles/arducam_firmware.dir/Users/xiayuzeng/pico/pico-sdk/src/rp2_common/hardware_irq/irq.c.obj
 .text.irq_is_enabled
                0x0000000010001734       0x18 CMakeFiles/arducam_firmware.dir/Users/xiayuzeng/pico/pico-sdk/src/rp2_common/hardware_irq/irq.c.obj
                0x0000000010001734                irq_is_enabled
 .text.irq_set_mask_enabled
                0x000000001000174c       0x20 CMakeFiles/arducam_firmware.dir/Users/xiayuzeng/pico/pico-sdk/src/rp2_common/hardware_irq/irq.c.obj
                0x000000001000174c                irq_set_mask_enabled
 .text.irq_set_enabled
                0x000000001000176c        0xe CMakeFiles/arducam_firmware.dir/Users/xiayuzeng/pico/pico-sdk/src/rp2_common/hardware_irq/irq.c.obj
                0x000000001000176c                irq_set_enabled
 *fill*         0x000000001000177a        0x2 
 .text.irq_set_pending
                0x000000001000177c       0x10 CMakeFiles/arducam_firmware.dir/Users/xiayuzeng/pico/pico-sdk/src/rp2_common/hardware_irq/irq.c.obj
                0x000000001000177c                irq_set_pending
 .text.irq_get_vtable_handler
                0x000000001000178c       0x10 CMakeFiles/arducam_firmware.dir/Users/xiayuzeng/pico/pico-sdk/src/rp2_common/hardware_irq/irq.c.obj
                0x000000001000178c                irq_get_vtable_handler
 .text.irq_has_shared_handler
                0x000000001000179c       0x24 CMakeFiles/arducam_firmware.dir/Users/xiayuzeng/pico/pico-sdk/src/rp2_common/hardware_irq/irq.c.obj
                0x000000001000179c                irq_has_shared_handler
 .text.irq_set_exclusive_handler
                0x00000000100017c0       0x54 CMakeFiles/arducam_firmware.dir/Users/xiayuzeng/pico/pico-sdk/src/rp2_common/hardware_irq/irq.c.obj
                0x00000000100017c0                irq_set_exclusive_handler
 .text.irq_add_shared_handler
                0x0000000010001814      0x230 CMakeFiles/arducam_firmware.dir/Users/xiayuzeng/pico/pico-sdk/src/rp2_common/hardware_irq/irq.c.obj
                0x0000000010001814                irq_add_shared_handler
 .text.irq_remove_handler
                0x0000000010001a44      0x1a8 CMakeFiles/arducam_firmware.dir/Users/xiayuzeng/pico/pico-sdk/src/rp2_common/hardware_irq/irq.c.obj
                0x0000000010001a44                irq_remove_handler
 .text.irq_add_tail_to_free_list
                0x0000000010001bec       0xf0 CMakeFiles/arducam_firmware.dir/Users/xiayuzeng/pico/pico-sdk/src/rp2_common/hardware_irq/irq.c.obj
                0x0000000010001bec                irq_add_tail_to_free_list
 .text.irq_init_priorities
                0x0000000010001cdc       0x1c CMakeFiles/arducam_firmware.dir/Users/xiayuzeng/pico/pico-sdk/src/rp2_common/hardware_irq/irq.c.obj
                0x0000000010001cdc                irq_init_priorities
 .text.user_irq_claim_unused
                0x0000000010001cf8       0x30 CMakeFiles/arducam_firmware.dir/Users/xiayuzeng/pico/pico-sdk/src/rp2_common/hardware_irq/irq.c.obj
                0x0000000010001cf8                user_irq_claim_unused
 .text.lock_init
                0x0000000010001d28       0x10 CMakeFiles/arducam_firmware.dir/Users/xiayuzeng/pico/pico-sdk/src/common/pico_sync/lock_core.c.obj
                0x0000000010001d28                lock_init
 .text.alarm_pool_post_alloc_init
                0x0000000010001d38       0x40 CMakeFiles/arducam_firmware.dir/Users/xiayuzeng/pico/pico-sdk/src/common/pico_time/time.c.obj
 .text.sleep_until_callback
                0x0000000010001d78       0x30 CMakeFiles/arducam_firmware.dir/Users/xiayuzeng/pico/pico-sdk/src/common/pico_time/time.c.obj
 .text.timer_pool_entry_comparator
                0x0000000010001da8       0x7c CMakeFiles/arducam_firmware.dir/Users/xiayuzeng/pico/pico-sdk/src/common/pico_time/time.c.obj
                0x0000000010001da8                timer_pool_entry_comparator
 .text.ph_add_child_node
                0x0000000010001e24       0xa4 CMakeFiles/arducam_firmware.dir/Users/xiayuzeng/pico/pico-sdk/src/common/pico_time/time.c.obj
 .text.ph_merge_nodes
                0x0000000010001ec8       0x3e CMakeFiles/arducam_firmware.dir/Users/xiayuzeng/pico/pico-sdk/src/common/pico_time/time.c.obj
 *fill*         0x0000000010001f06        0x2 
 .text.add_alarm_under_lock
                0x0000000010001f08      0x174 CMakeFiles/arducam_firmware.dir/Users/xiayuzeng/pico/pico-sdk/src/common/pico_time/time.c.obj
 .text.alarm_pool_alarm_callback
                0x000000001000207c      0x328 CMakeFiles/arducam_firmware.dir/Users/xiayuzeng/pico/pico-sdk/src/common/pico_time/time.c.obj
 .text.alarm_pool_init_default
                0x00000000100023a4       0x38 CMakeFiles/arducam_firmware.dir/Users/xiayuzeng/pico/pico-sdk/src/common/pico_time/time.c.obj
                0x00000000100023a4                alarm_pool_init_default
 .text.alarm_pool_get_default
                0x00000000100023dc       0x2c CMakeFiles/arducam_firmware.dir/Users/xiayuzeng/pico/pico-sdk/src/common/pico_time/time.c.obj
                0x00000000100023dc                alarm_pool_get_default
 .text.alarm_pool_add_alarm_at
                0x0000000010002408      0x170 CMakeFiles/arducam_firmware.dir/Users/xiayuzeng/pico/pico-sdk/src/common/pico_time/time.c.obj
                0x0000000010002408                alarm_pool_add_alarm_at
 .text.alarm_pool_cancel_alarm
                0x0000000010002578       0xf0 CMakeFiles/arducam_firmware.dir/Users/xiayuzeng/pico/pico-sdk/src/common/pico_time/time.c.obj
                0x0000000010002578                alarm_pool_cancel_alarm
 .text.sleep_until
                0x0000000010002668       0xfc CMakeFiles/arducam_firmware.dir/Users/xiayuzeng/pico/pico-sdk/src/common/pico_time/time.c.obj
                0x0000000010002668                sleep_until
 .text.sleep_us
                0x0000000010002764       0x58 CMakeFiles/arducam_firmware.dir/Users/xiayuzeng/pico/pico-sdk/src/common/pico_time/time.c.obj
                0x0000000010002764                sleep_us
 .text.sleep_ms
                0x00000000100027bc       0x14 CMakeFiles/arducam_firmware.dir/Users/xiayuzeng/pico/pico-sdk/src/common/pico_time/time.c.obj
                0x00000000100027bc                sleep_ms
 .text.best_effort_wfe_or_timeout
                0x00000000100027d0       0x80 CMakeFiles/arducam_firmware.dir/Users/xiayuzeng/pico/pico-sdk/src/common/pico_time/time.c.obj
                0x00000000100027d0                best_effort_wfe_or_timeout
 .text.hardware_alarm_irq_handler
                0x0000000010002850       0x8c CMakeFiles/arducam_firmware.dir/Users/xiayuzeng/pico/pico-sdk/src/rp2_common/hardware_timer/timer.c.obj
 .text.hardware_alarm_claim
                0x00000000100028dc       0x18 CMakeFiles/arducam_firmware.dir/Users/xiayuzeng/pico/pico-sdk/src/rp2_common/hardware_timer/timer.c.obj
                0x00000000100028dc                hardware_alarm_claim
 .text.time_us_64
                0x00000000100028f4       0x18 CMakeFiles/arducam_firmware.dir/Users/xiayuzeng/pico/pico-sdk/src/rp2_common/hardware_timer/timer.c.obj
                0x00000000100028f4                time_us_64
 .text.busy_wait_until
                0x000000001000290c       0x28 CMakeFiles/arducam_firmware.dir/Users/xiayuzeng/pico/pico-sdk/src/rp2_common/hardware_timer/timer.c.obj
                0x000000001000290c                busy_wait_until
 .text.hardware_alarm_set_callback
                0x0000000010002934       0x90 CMakeFiles/arducam_firmware.dir/Users/xiayuzeng/pico/pico-sdk/src/rp2_common/hardware_timer/timer.c.obj
                0x0000000010002934                hardware_alarm_set_callback
 .text.hardware_alarm_set_target
                0x00000000100029c4       0xe8 CMakeFiles/arducam_firmware.dir/Users/xiayuzeng/pico/pico-sdk/src/rp2_common/hardware_timer/timer.c.obj
                0x00000000100029c4                hardware_alarm_set_target
 .text.hardware_alarm_cancel
                0x0000000010002aac       0x40 CMakeFiles/arducam_firmware.dir/Users/xiayuzeng/pico/pico-sdk/src/rp2_common/hardware_timer/timer.c.obj
                0x0000000010002aac                hardware_alarm_cancel
 .text.ph_add_child_node
                0x0000000010002aec       0xa4 CMakeFiles/arducam_firmware.dir/Users/xiayuzeng/pico/pico-sdk/src/common/pico_util/pheap.c.obj
 .text.ph_merge_nodes
                0x0000000010002b90       0x3e CMakeFiles/arducam_firmware.dir/Users/xiayuzeng/pico/pico-sdk/src/common/pico_util/pheap.c.obj
 *fill*         0x0000000010002bce        0x2 
 .text.ph_clear
                0x0000000010002bd0       0x70 CMakeFiles/arducam_firmware.dir/Users/xiayuzeng/pico/pico-sdk/src/common/pico_util/pheap.c.obj
                0x0000000010002bd0                ph_clear
 .text.ph_post_alloc_init
                0x0000000010002c40        0xe CMakeFiles/arducam_firmware.dir/Users/xiayuzeng/pico/pico-sdk/src/common/pico_util/pheap.c.obj
                0x0000000010002c40                ph_post_alloc_init
 *fill*         0x0000000010002c4e        0x2 
 .text.ph_merge_two_pass
                0x0000000010002c50       0xa8 CMakeFiles/arducam_firmware.dir/Users/xiayuzeng/pico/pico-sdk/src/common/pico_util/pheap.c.obj
                0x0000000010002c50                ph_merge_two_pass
 .text.ph_remove_any_head
                0x0000000010002cf8      0x108 CMakeFiles/arducam_firmware.dir/Users/xiayuzeng/pico/pico-sdk/src/common/pico_util/pheap.c.obj
 .text.ph_remove_head
                0x0000000010002e00       0x14 CMakeFiles/arducam_firmware.dir/Users/xiayuzeng/pico/pico-sdk/src/common/pico_util/pheap.c.obj
                0x0000000010002e00                ph_remove_head
 .text.ph_remove_and_free_node
                0x0000000010002e14       0xf8 CMakeFiles/arducam_firmware.dir/Users/xiayuzeng/pico/pico-sdk/src/common/pico_util/pheap.c.obj
                0x0000000010002e14                ph_remove_and_free_node
 .text.mutex_init
                0x0000000010002f0c       0x1a CMakeFiles/arducam_firmware.dir/Users/xiayuzeng/pico/pico-sdk/src/common/pico_sync/mutex.c.obj
                0x0000000010002f0c                mutex_init
 .text.recursive_mutex_init
                0x0000000010002f26       0x1e CMakeFiles/arducam_firmware.dir/Users/xiayuzeng/pico/pico-sdk/src/common/pico_sync/mutex.c.obj
                0x0000000010002f26                recursive_mutex_init
 .text.critical_section_init_with_lock_num
                0x0000000010002f44       0x14 CMakeFiles/arducam_firmware.dir/Users/xiayuzeng/pico/pico-sdk/src/common/pico_sync/critical_section.c.obj
                0x0000000010002f44                critical_section_init_with_lock_num
 .text.critical_section_init
                0x0000000010002f58       0x14 CMakeFiles/arducam_firmware.dir/Users/xiayuzeng/pico/pico-sdk/src/common/pico_sync/critical_section.c.obj
                0x0000000010002f58                critical_section_init
 .text.uart_set_baudrate
                0x0000000010002f6c       0x5c CMakeFiles/arducam_firmware.dir/Users/xiayuzeng/pico/pico-sdk/src/rp2_common/hardware_uart/uart.c.obj
                0x0000000010002f6c                uart_set_baudrate
 .text.uart_set_translate_crlf
                0x0000000010002fc8       0x28 CMakeFiles/arducam_firmware.dir/Users/xiayuzeng/pico/pico-sdk/src/rp2_common/hardware_uart/uart.c.obj
                0x0000000010002fc8                uart_set_translate_crlf
 .text.uart_init
                0x0000000010002ff0       0x80 CMakeFiles/arducam_firmware.dir/Users/xiayuzeng/pico/pico-sdk/src/rp2_common/hardware_uart/uart.c.obj
                0x0000000010002ff0                uart_init
 .text._exit    0x0000000010003070        0x4 CMakeFiles/arducam_firmware.dir/Users/xiayuzeng/pico/pico-sdk/src/rp2_common/pico_runtime/runtime.c.obj
                0x0000000010003070                _exit
 .text.exit     0x0000000010003074        0x6 CMakeFiles/arducam_firmware.dir/Users/xiayuzeng/pico/pico-sdk/src/rp2_common/pico_runtime/runtime.c.obj
                0x0000000010003074                exit
 *fill*         0x000000001000307a        0x2 
 .text.__assert_func
                0x000000001000307c       0x3c CMakeFiles/arducam_firmware.dir/Users/xiayuzeng/pico/pico-sdk/src/rp2_common/pico_runtime/runtime.c.obj
                0x000000001000307c                __assert_func
 .text.runtime_init
                0x00000000100030b8       0xf8 CMakeFiles/arducam_firmware.dir/Users/xiayuzeng/pico/pico-sdk/src/rp2_common/pico_runtime/runtime.c.obj
                0x00000000100030b8                runtime_init
 .text.panic    0x00000000100031b0       0x30 CMakeFiles/arducam_firmware.dir/Users/xiayuzeng/pico/pico-sdk/src/rp2_common/pico_runtime/runtime.c.obj
                0x00000000100031b0                panic
 .text.clock_configure
                0x00000000100031e0      0x104 CMakeFiles/arducam_firmware.dir/Users/xiayuzeng/pico/pico-sdk/src/rp2_common/hardware_clocks/clocks.c.obj
                0x00000000100031e0                clock_configure
 .text.clocks_init
                0x00000000100032e4      0x100 CMakeFiles/arducam_firmware.dir/Users/xiayuzeng/pico/pico-sdk/src/rp2_common/hardware_clocks/clocks.c.obj
                0x00000000100032e4                clocks_init
 .text.clock_get_hz
                0x00000000100033e4        0xc CMakeFiles/arducam_firmware.dir/Users/xiayuzeng/pico/pico-sdk/src/rp2_common/hardware_clocks/clocks.c.obj
                0x00000000100033e4                clock_get_hz
 .text.pll_init
                0x00000000100033f0      0x140 CMakeFiles/arducam_firmware.dir/Users/xiayuzeng/pico/pico-sdk/src/rp2_common/hardware_pll/pll.c.obj
                0x00000000100033f0                pll_init
 .text.vreg_set_voltage
                0x0000000010003530       0x1c CMakeFiles/arducam_firmware.dir/Users/xiayuzeng/pico/pico-sdk/src/rp2_common/hardware_vreg/vreg.c.obj
                0x0000000010003530                vreg_set_voltage
 .text.watchdog_start_tick
                0x000000001000354c       0x10 CMakeFiles/arducam_firmware.dir/Users/xiayuzeng/pico/pico-sdk/src/rp2_common/hardware_watchdog/watchdog.c.obj
                0x000000001000354c                watchdog_start_tick
 .text.watchdog_update
                0x000000001000355c       0x14 CMakeFiles/arducam_firmware.dir/Users/xiayuzeng/pico/pico-sdk/src/rp2_common/hardware_watchdog/watchdog.c.obj
                0x000000001000355c                watchdog_update
 .text._watchdog_enable
                0x0000000010003570       0x78 CMakeFiles/arducam_firmware.dir/Users/xiayuzeng/pico/pico-sdk/src/rp2_common/hardware_watchdog/watchdog.c.obj
                0x0000000010003570                _watchdog_enable
 .text.watchdog_reboot
                0x00000000100035e8       0x48 CMakeFiles/arducam_firmware.dir/Users/xiayuzeng/pico/pico-sdk/src/rp2_common/hardware_watchdog/watchdog.c.obj
                0x00000000100035e8                watchdog_reboot
 .text.xosc_init
                0x0000000010003630       0x28 CMakeFiles/arducam_firmware.dir/Users/xiayuzeng/pico/pico-sdk/src/rp2_common/hardware_xosc/xosc.c.obj
                0x0000000010003630                xosc_init
 .text._out_null
                0x0000000010003658        0x2 CMakeFiles/arducam_firmware.dir/Users/xiayuzeng/pico/pico-sdk/src/rp2_common/pico_printf/printf.c.obj
 .text._out_fct
                0x000000001000365a        0xe CMakeFiles/arducam_firmware.dir/Users/xiayuzeng/pico/pico-sdk/src/rp2_common/pico_printf/printf.c.obj
 .text._atoi    0x0000000010003668       0x24 CMakeFiles/arducam_firmware.dir/Users/xiayuzeng/pico/pico-sdk/src/rp2_common/pico_printf/printf.c.obj
 .text._out_rev
                0x000000001000368c       0xae CMakeFiles/arducam_firmware.dir/Users/xiayuzeng/pico/pico-sdk/src/rp2_common/pico_printf/printf.c.obj
 .text._ntoa_format
                0x000000001000373a      0x112 CMakeFiles/arducam_firmware.dir/Users/xiayuzeng/pico/pico-sdk/src/rp2_common/pico_printf/printf.c.obj
 .text._ntoa_long
                0x000000001000384c       0xbc CMakeFiles/arducam_firmware.dir/Users/xiayuzeng/pico/pico-sdk/src/rp2_common/pico_printf/printf.c.obj
 .text._ntoa_long_long
                0x0000000010003908       0xe2 CMakeFiles/arducam_firmware.dir/Users/xiayuzeng/pico/pico-sdk/src/rp2_common/pico_printf/printf.c.obj
 *fill*         0x00000000100039ea        0x2 
 .text._etoa    0x00000000100039ec      0x414 CMakeFiles/arducam_firmware.dir/Users/xiayuzeng/pico/pico-sdk/src/rp2_common/pico_printf/printf.c.obj
 .text._ftoa    0x0000000010003e00      0x354 CMakeFiles/arducam_firmware.dir/Users/xiayuzeng/pico/pico-sdk/src/rp2_common/pico_printf/printf.c.obj
 .text._vsnprintf
                0x0000000010004154      0x624 CMakeFiles/arducam_firmware.dir/Users/xiayuzeng/pico/pico-sdk/src/rp2_common/pico_printf/printf.c.obj
 .text.vfctprintf
                0x0000000010004778       0x20 CMakeFiles/arducam_firmware.dir/Users/xiayuzeng/pico/pico-sdk/src/rp2_common/pico_printf/printf.c.obj
                0x0000000010004778                vfctprintf
 .text          0x0000000010004798       0x10 CMakeFiles/arducam_firmware.dir/Users/xiayuzeng/pico/pico-sdk/src/rp2_common/pico_bit_ops/bit_ops_aeabi.S.obj
 .text.rom_func_lookup
                0x00000000100047a8       0x10 CMakeFiles/arducam_firmware.dir/Users/xiayuzeng/pico/pico-sdk/src/rp2_common/pico_bootrom/bootrom.c.obj
                0x00000000100047a8                rom_func_lookup
 .text.rom_data_lookup
                0x00000000100047b8       0x10 CMakeFiles/arducam_firmware.dir/Users/xiayuzeng/pico/pico-sdk/src/rp2_common/pico_bootrom/bootrom.c.obj
                0x00000000100047b8                rom_data_lookup
 .text.rom_funcs_lookup
                0x00000000100047c8       0x36 CMakeFiles/arducam_firmware.dir/Users/xiayuzeng/pico/pico-sdk/src/rp2_common/pico_bootrom/bootrom.c.obj
                0x00000000100047c8                rom_funcs_lookup
 *fill*         0x00000000100047fe        0x2 
 .text.__wrap___aeabi_idiv
                0x0000000010004800       0x50 CMakeFiles/arducam_firmware.dir/Users/xiayuzeng/pico/pico-sdk/src/rp2_common/pico_divider/divider.S.obj
                0x0000000010004800                __wrap___aeabi_idivmod
                0x0000000010004800                divmod_s32s32
                0x0000000010004800                div_s32s32
                0x0000000010004800                __wrap___aeabi_idiv
                0x0000000010004808                divmod_s32s32_unsafe
                0x0000000010004834                divmod_s32s32_savestate
 .text.__wrap___aeabi_uidiv
                0x0000000010004850       0x4c CMakeFiles/arducam_firmware.dir/Users/xiayuzeng/pico/pico-sdk/src/rp2_common/pico_divider/divider.S.obj
                0x0000000010004850                __wrap___aeabi_uidiv
                0x0000000010004850                __wrap___aeabi_uidivmod
                0x0000000010004850                div_u32u32
                0x0000000010004850                divmod_u32u32
                0x0000000010004858                divmod_u32u32_unsafe
                0x0000000010004880                divmod_u32u32_savestate
 .text.__wrap___aeabi_ldiv
                0x000000001000489c      0x434 CMakeFiles/arducam_firmware.dir/Users/xiayuzeng/pico/pico-sdk/src/rp2_common/pico_divider/divider.S.obj
                0x000000001000489c                __wrap___aeabi_ldivmod
                0x000000001000489c                div_s64s64
                0x000000001000489c                divmod_s64s64
                0x00000000100048d4                divmod_u64u64
                0x00000000100048d4                div_u64u64
                0x00000000100048d4                __wrap___aeabi_uldivmod
                0x00000000100048e4                divmod_u64u64_savestate
                0x000000001000490c                divmod_s64s64_unsafe
                0x0000000010004994                divmod_u64u64_unsafe
 .text.__wrap___aeabi_darithmetic
                0x0000000010004cd0       0x80 CMakeFiles/arducam_firmware.dir/Users/xiayuzeng/pico/pico-sdk/src/rp2_common/pico_double/double_aeabi.S.obj
                0x0000000010004cd0                __wrap___aeabi_drsub
                0x0000000010004cd6                __wrap___aeabi_dsub
                0x0000000010004ce8                __wrap___aeabi_dadd
                0x0000000010004cfa                __wrap___aeabi_ddiv
                0x0000000010004d36                __wrap___aeabi_dmul
 .text.__wrap___aeabi_cdcmple
                0x0000000010004d50       0x6c CMakeFiles/arducam_firmware.dir/Users/xiayuzeng/pico/pico-sdk/src/rp2_common/pico_double/double_aeabi.S.obj
                0x0000000010004d50                __wrap___aeabi_cdrcmple
                0x0000000010004d60                __wrap___aeabi_cdcmple
                0x0000000010004d60                __wrap___aeabi_cdcmpeq
 .text.__wrap___aeabi_dcmplt
                0x0000000010004dbc        0xc CMakeFiles/arducam_firmware.dir/Users/xiayuzeng/pico/pico-sdk/src/rp2_common/pico_double/double_aeabi.S.obj
                0x0000000010004dbc                __wrap___aeabi_dcmplt
 .text.__wrap___aeabi_dcmple
                0x0000000010004dc8       0x10 CMakeFiles/arducam_firmware.dir/Users/xiayuzeng/pico/pico-sdk/src/rp2_common/pico_double/double_aeabi.S.obj
                0x0000000010004dc8                __wrap___aeabi_dcmple
 .text.__wrap___aeabi_dcmpge
                0x0000000010004dd8       0x10 CMakeFiles/arducam_firmware.dir/Users/xiayuzeng/pico/pico-sdk/src/rp2_common/pico_double/double_aeabi.S.obj
                0x0000000010004dd8                __wrap___aeabi_dcmpge
 .text.__wrap___aeabi_dcmpgt
                0x0000000010004de8        0xa CMakeFiles/arducam_firmware.dir/Users/xiayuzeng/pico/pico-sdk/src/rp2_common/pico_double/double_aeabi.S.obj
                0x0000000010004de8                __wrap___aeabi_dcmpgt
 .text.__wrap___aeabi_dcmpun
                0x0000000010004df2       0x1c CMakeFiles/arducam_firmware.dir/Users/xiayuzeng/pico/pico-sdk/src/rp2_common/pico_double/double_aeabi.S.obj
                0x0000000010004df2                __wrap___aeabi_dcmpun
 *fill*         0x0000000010004e0e        0x2 
 .text.__wrap___aeabi_i2d
                0x0000000010004e10       0x38 CMakeFiles/arducam_firmware.dir/Users/xiayuzeng/pico/pico-sdk/src/rp2_common/pico_double/double_aeabi.S.obj
                0x0000000010004e10                __wrap___aeabi_ui2d
                0x0000000010004e18                __wrap___aeabi_i2d
 .text.__wrap___aeabi_d2iz
                0x0000000010004e48       0x48 CMakeFiles/arducam_firmware.dir/Users/xiayuzeng/pico/pico-sdk/src/rp2_common/pico_double/double_aeabi.S.obj
                0x0000000010004e48                __wrap___aeabi_d2iz
                0x0000000010004e48                double2int_z
 .text.__wrap___aeabi_d2uiz
                0x0000000010004e90       0x18 CMakeFiles/arducam_firmware.dir/Users/xiayuzeng/pico/pico-sdk/src/rp2_common/pico_double/double_aeabi.S.obj
                0x0000000010004e90                double2uint
                0x0000000010004e90                __wrap___aeabi_d2uiz
 .text.__aeabi_double_init
                0x0000000010004ea8       0xc8 CMakeFiles/arducam_firmware.dir/Users/xiayuzeng/pico/pico-sdk/src/rp2_common/pico_double/double_init_rom.c.obj
                0x0000000010004ea8                __aeabi_double_init
 .text.double_table_shim_on_use_helper
                0x0000000010004f70       0x34 CMakeFiles/arducam_firmware.dir/Users/xiayuzeng/pico/pico-sdk/src/rp2_common/pico_double/double_v1_rom_shim.S.obj
                0x0000000010004f70                double_table_shim_on_use_helper
 .text.__wrap___aeabi_dsub
                0x0000000010004fa4       0x10 CMakeFiles/arducam_firmware.dir/Users/xiayuzeng/pico/pico-sdk/src/rp2_common/pico_double/double_v1_rom_shim.S.obj
                0x0000000010004fa4                drsub_shim
                0x0000000010004faa                dsub_shim
 .text.dadd_shim
                0x0000000010004fb4      0x15c CMakeFiles/arducam_firmware.dir/Users/xiayuzeng/pico/pico-sdk/src/rp2_common/pico_double/double_v1_rom_shim.S.obj
                0x0000000010004fb4                dadd_shim
 .text.dmul_shim
                0x0000000010005110      0x15c CMakeFiles/arducam_firmware.dir/Users/xiayuzeng/pico/pico-sdk/src/rp2_common/pico_double/double_v1_rom_shim.S.obj
                0x0000000010005110                dmul_shim
 .text.ddiv_shim
                0x000000001000526c      0x1b0 CMakeFiles/arducam_firmware.dir/Users/xiayuzeng/pico/pico-sdk/src/rp2_common/pico_double/double_v1_rom_shim.S.obj
                0x000000001000526c                ddiv_shim
 .text.double2uint_shim
                0x000000001000541c        0xe CMakeFiles/arducam_firmware.dir/Users/xiayuzeng/pico/pico-sdk/src/rp2_common/pico_double/double_v1_rom_shim.S.obj
                0x000000001000541c                double2uint_shim
                0x000000001000541e                double2ufix_shim
 *fill*         0x000000001000542a        0x2 
 .text.double2uint64_shim
                0x000000001000542c       0x70 CMakeFiles/arducam_firmware.dir/Users/xiayuzeng/pico/pico-sdk/src/rp2_common/pico_double/double_v1_rom_shim.S.obj
                0x000000001000542c                double2uint64_shim
                0x000000001000542e                double2ufix64_shim
                0x000000001000544e                d2fix_a
 .text.dunpacks
                0x000000001000549c       0x3c CMakeFiles/arducam_firmware.dir/Users/xiayuzeng/pico/pico-sdk/src/rp2_common/pico_double/double_v1_rom_shim.S.obj
                0x000000001000549c                dunpacks
 .text.__aeabi_lmul
                0x00000000100054d8       0x32 CMakeFiles/arducam_firmware.dir/Users/xiayuzeng/pico/pico-sdk/src/rp2_common/pico_int64_ops/pico_int64_ops_aeabi.S.obj
                0x00000000100054d8                __wrap___aeabi_lmul
 *fill*         0x000000001000550a        0x2 
 .text.__wrap___aeabi_farithmetic
                0x000000001000550c       0x58 CMakeFiles/arducam_firmware.dir/Users/xiayuzeng/pico/pico-sdk/src/rp2_common/pico_float/float_aeabi.S.obj
                0x000000001000550c                __wrap___aeabi_frsub
                0x0000000010005512                __wrap___aeabi_fsub
                0x000000001000551c                __wrap___aeabi_fadd
                0x0000000010005526                __wrap___aeabi_fdiv
                0x0000000010005552                __wrap___aeabi_fmul
 .text.__wrap___aeabi_cfcmple
                0x0000000010005564       0x50 CMakeFiles/arducam_firmware.dir/Users/xiayuzeng/pico/pico-sdk/src/rp2_common/pico_float/float_aeabi.S.obj
                0x0000000010005564                __wrap___aeabi_cfrcmple
                0x0000000010005570                __wrap___aeabi_cfcmpeq
                0x0000000010005570                __wrap___aeabi_cfcmple
 .text.__wrap___aeabi_fcmplt
                0x00000000100055b4        0xc CMakeFiles/arducam_firmware.dir/Users/xiayuzeng/pico/pico-sdk/src/rp2_common/pico_float/float_aeabi.S.obj
                0x00000000100055b4                __wrap___aeabi_fcmplt
 .text.__wrap___aeabi_fcmpge
                0x00000000100055c0       0x10 CMakeFiles/arducam_firmware.dir/Users/xiayuzeng/pico/pico-sdk/src/rp2_common/pico_float/float_aeabi.S.obj
                0x00000000100055c0                __wrap___aeabi_fcmpge
 .text.__wrap___aeabi_i2f
                0x00000000100055d0       0x44 CMakeFiles/arducam_firmware.dir/Users/xiayuzeng/pico/pico-sdk/src/rp2_common/pico_float/float_aeabi.S.obj
                0x00000000100055d0                __wrap___aeabi_i2f
 .text.__wrap___aeabi_f2iz
                0x0000000010005614       0x4e CMakeFiles/arducam_firmware.dir/Users/xiayuzeng/pico/pico-sdk/src/rp2_common/pico_float/float_aeabi.S.obj
                0x0000000010005614                __wrap___aeabi_f2iz
                0x0000000010005614                float2int_z
 *fill*         0x0000000010005662        0x2 
 .text.float2int
                0x0000000010005664       0x14 CMakeFiles/arducam_firmware.dir/Users/xiayuzeng/pico/pico-sdk/src/rp2_common/pico_float/float_aeabi.S.obj
                0x0000000010005664                float2int
 .text.__wrap___aeabi_f2uiz
                0x0000000010005678       0x10 CMakeFiles/arducam_firmware.dir/Users/xiayuzeng/pico/pico-sdk/src/rp2_common/pico_float/float_aeabi.S.obj
                0x0000000010005678                __wrap___aeabi_f2uiz
 .text.__aeabi_float_init
                0x0000000010005688       0xfc CMakeFiles/arducam_firmware.dir/Users/xiayuzeng/pico/pico-sdk/src/rp2_common/pico_float/float_init_rom.c.obj
                0x0000000010005688                __aeabi_float_init
 .text.float_table_shim_on_use_helper
                0x0000000010005784       0x34 CMakeFiles/arducam_firmware.dir/Users/xiayuzeng/pico/pico-sdk/src/rp2_common/pico_float/float_v1_rom_shim.S.obj
                0x0000000010005784                float_table_shim_on_use_helper
 .text.float232_shims
                0x00000000100057b8       0x18 CMakeFiles/arducam_firmware.dir/Users/xiayuzeng/pico/pico-sdk/src/rp2_common/pico_float/float_v1_rom_shim.S.obj
                0x00000000100057b8                float2int_shim
                0x00000000100057ba                float2fix_shim
 .text          0x00000000100057d0       0x10 CMakeFiles/arducam_firmware.dir/Users/xiayuzeng/pico/pico-sdk/src/rp2_common/pico_mem_ops/mem_ops_aeabi.S.obj
                0x00000000100057d0                __aeabi_mem_init
 .text.memset   0x00000000100057e0        0xc CMakeFiles/arducam_firmware.dir/Users/xiayuzeng/pico/pico-sdk/src/rp2_common/pico_mem_ops/mem_ops_aeabi.S.obj
                0x00000000100057e0                __wrap_memset
 .text.memcpy   0x00000000100057ec        0xc CMakeFiles/arducam_firmware.dir/Users/xiayuzeng/pico/pico-sdk/src/rp2_common/pico_mem_ops/mem_ops_aeabi.S.obj
                0x00000000100057ec                __wrap___aeabi_memcpy
                0x00000000100057ec                __wrap_memcpy
 .text.stdio_out_chars_no_crlf
                0x00000000100057f8        0xe CMakeFiles/arducam_firmware.dir/Users/xiayuzeng/pico/pico-sdk/src/rp2_common/pico_stdio/stdio.c.obj
 *fill*         0x0000000010005806        0x2 
 .text.stdio_out_chars_crlf
                0x0000000010005808       0x80 CMakeFiles/arducam_firmware.dir/Users/xiayuzeng/pico/pico-sdk/src/rp2_common/pico_stdio/stdio.c.obj
 .text.stdio_stack_buffer_flush
                0x0000000010005888       0x44 CMakeFiles/arducam_firmware.dir/Users/xiayuzeng/pico/pico-sdk/src/rp2_common/pico_stdio/stdio.c.obj
 .text.stdio_buffered_printer
                0x00000000100058cc       0x20 CMakeFiles/arducam_firmware.dir/Users/xiayuzeng/pico/pico-sdk/src/rp2_common/pico_stdio/stdio.c.obj
 .text.stdout_serialize_begin
                0x00000000100058ec       0x30 CMakeFiles/arducam_firmware.dir/Users/xiayuzeng/pico/pico-sdk/src/rp2_common/pico_stdio/stdio.c.obj
                0x00000000100058ec                stdout_serialize_begin
 .text.stdout_serialize_end
                0x000000001000591c       0x10 CMakeFiles/arducam_firmware.dir/Users/xiayuzeng/pico/pico-sdk/src/rp2_common/pico_stdio/stdio.c.obj
                0x000000001000591c                stdout_serialize_end
 .text.stdio_put_string
                0x000000001000592c       0x98 CMakeFiles/arducam_firmware.dir/Users/xiayuzeng/pico/pico-sdk/src/rp2_common/pico_stdio/stdio.c.obj
 .text.stdio_set_driver_enabled
                0x00000000100059c4       0x2c CMakeFiles/arducam_firmware.dir/Users/xiayuzeng/pico/pico-sdk/src/rp2_common/pico_stdio/stdio.c.obj
                0x00000000100059c4                stdio_set_driver_enabled
 .text.stdio_flush
                0x00000000100059f0       0x20 CMakeFiles/arducam_firmware.dir/Users/xiayuzeng/pico/pico-sdk/src/rp2_common/pico_stdio/stdio.c.obj
                0x00000000100059f0                stdio_flush
 .text.__wrap_puts
                0x0000000010005a10       0x1e CMakeFiles/arducam_firmware.dir/Users/xiayuzeng/pico/pico-sdk/src/rp2_common/pico_stdio/stdio.c.obj
                0x0000000010005a10                __wrap_puts
 *fill*         0x0000000010005a2e        0x2 
 .text.__wrap_vprintf
                0x0000000010005a30       0x44 CMakeFiles/arducam_firmware.dir/Users/xiayuzeng/pico/pico-sdk/src/rp2_common/pico_stdio/stdio.c.obj
                0x0000000010005a30                __wrap_vprintf
 .text.__wrap_printf
                0x0000000010005a74       0x18 CMakeFiles/arducam_firmware.dir/Users/xiayuzeng/pico/pico-sdk/src/rp2_common/pico_stdio/stdio.c.obj
                0x0000000010005a74                __wrap_printf
 .text.stdio_init_all
                0x0000000010005a8c        0xc CMakeFiles/arducam_firmware.dir/Users/xiayuzeng/pico/pico-sdk/src/rp2_common/pico_stdio/stdio.c.obj
                0x0000000010005a8c                stdio_init_all
 .text.stdio_uart_out_chars
                0x0000000010005a98       0x74 CMakeFiles/arducam_firmware.dir/Users/xiayuzeng/pico/pico-sdk/src/rp2_common/pico_stdio_uart/stdio_uart.c.obj
 .text.stdio_uart_in_chars
                0x0000000010005b0c       0x58 CMakeFiles/arducam_firmware.dir/Users/xiayuzeng/pico/pico-sdk/src/rp2_common/pico_stdio_uart/stdio_uart.c.obj
                0x0000000010005b0c                stdio_uart_in_chars
 .text.stdio_uart_init_full
                0x0000000010005b64       0x3c CMakeFiles/arducam_firmware.dir/Users/xiayuzeng/pico/pico-sdk/src/rp2_common/pico_stdio_uart/stdio_uart.c.obj
                0x0000000010005b64                stdio_uart_init_full
 .text.stdio_uart_init
                0x0000000010005ba0       0x28 CMakeFiles/arducam_firmware.dir/Users/xiayuzeng/pico/pico-sdk/src/rp2_common/pico_stdio_uart/stdio_uart.c.obj
                0x0000000010005ba0                stdio_uart_init
 .text.resetd_init
                0x0000000010005bc8        0x2 CMakeFiles/arducam_firmware.dir/Users/xiayuzeng/pico/pico-sdk/src/rp2_common/pico_stdio_usb/reset_interface.c.obj
 *fill*         0x0000000010005bca        0x2 
 .text.resetd_reset
                0x0000000010005bcc        0xc CMakeFiles/arducam_firmware.dir/Users/xiayuzeng/pico/pico-sdk/src/rp2_common/pico_stdio_usb/reset_interface.c.obj
 .text.resetd_open
                0x0000000010005bd8       0x34 CMakeFiles/arducam_firmware.dir/Users/xiayuzeng/pico/pico-sdk/src/rp2_common/pico_stdio_usb/reset_interface.c.obj
 .text.resetd_xfer_cb
                0x0000000010005c0c        0x4 CMakeFiles/arducam_firmware.dir/Users/xiayuzeng/pico/pico-sdk/src/rp2_common/pico_stdio_usb/reset_interface.c.obj
 .text.reset_usb_boot
                0x0000000010005c10       0x18 CMakeFiles/arducam_firmware.dir/Users/xiayuzeng/pico/pico-sdk/src/rp2_common/pico_stdio_usb/reset_interface.c.obj
 .text.resetd_control_xfer_cb
                0x0000000010005c28       0x5c CMakeFiles/arducam_firmware.dir/Users/xiayuzeng/pico/pico-sdk/src/rp2_common/pico_stdio_usb/reset_interface.c.obj
 .text.usbd_app_driver_get_cb
                0x0000000010005c84        0xc CMakeFiles/arducam_firmware.dir/Users/xiayuzeng/pico/pico-sdk/src/rp2_common/pico_stdio_usb/reset_interface.c.obj
                0x0000000010005c84                usbd_app_driver_get_cb
 .text.tud_cdc_line_coding_cb
                0x0000000010005c90       0x28 CMakeFiles/arducam_firmware.dir/Users/xiayuzeng/pico/pico-sdk/src/rp2_common/pico_stdio_usb/reset_interface.c.obj
                0x0000000010005c90                tud_cdc_line_coding_cb
 .text.stdio_usb_in_chars
                0x0000000010005cb8       0x70 CMakeFiles/arducam_firmware.dir/Users/xiayuzeng/pico/pico-sdk/src/rp2_common/pico_stdio_usb/stdio_usb.c.obj
                0x0000000010005cb8                stdio_usb_in_chars
 .text.low_priority_worker_irq
                0x0000000010005d28       0x20 CMakeFiles/arducam_firmware.dir/Users/xiayuzeng/pico/pico-sdk/src/rp2_common/pico_stdio_usb/stdio_usb.c.obj
 .text.stdio_usb_out_chars
                0x0000000010005d48       0xd4 CMakeFiles/arducam_firmware.dir/Users/xiayuzeng/pico/pico-sdk/src/rp2_common/pico_stdio_usb/stdio_usb.c.obj
 .text.timer_task
                0x0000000010005e1c       0x40 CMakeFiles/arducam_firmware.dir/Users/xiayuzeng/pico/pico-sdk/src/rp2_common/pico_stdio_usb/stdio_usb.c.obj
 .text.usb_irq  0x0000000010005e5c       0x10 CMakeFiles/arducam_firmware.dir/Users/xiayuzeng/pico/pico-sdk/src/rp2_common/pico_stdio_usb/stdio_usb.c.obj
 .text.stdio_usb_init
                0x0000000010005e6c       0xec CMakeFiles/arducam_firmware.dir/Users/xiayuzeng/pico/pico-sdk/src/rp2_common/pico_stdio_usb/stdio_usb.c.obj
                0x0000000010005e6c                stdio_usb_init
 .text.tud_descriptor_device_cb
                0x0000000010005f58        0x8 CMakeFiles/arducam_firmware.dir/Users/xiayuzeng/pico/pico-sdk/src/rp2_common/pico_stdio_usb/stdio_usb_descriptors.c.obj
                0x0000000010005f58                tud_descriptor_device_cb
 .text.tud_descriptor_configuration_cb
                0x0000000010005f60        0x8 CMakeFiles/arducam_firmware.dir/Users/xiayuzeng/pico/pico-sdk/src/rp2_common/pico_stdio_usb/stdio_usb_descriptors.c.obj
                0x0000000010005f60                tud_descriptor_configuration_cb
 .text.tud_descriptor_string_cb
                0x0000000010005f68       0x6c CMakeFiles/arducam_firmware.dir/Users/xiayuzeng/pico/pico-sdk/src/rp2_common/pico_stdio_usb/stdio_usb_descriptors.c.obj
                0x0000000010005f68                tud_descriptor_string_cb
 .text.hw_endpoint_get_by_addr
                0x0000000010005fd4       0x18 CMakeFiles/arducam_firmware.dir/Users/xiayuzeng/pico/pico-sdk/lib/tinyusb/src/portable/raspberrypi/rp2040/dcd_rp2040.c.obj
 .text.reset_ep0_pid
                0x0000000010005fec       0x28 CMakeFiles/arducam_firmware.dir/Users/xiayuzeng/pico/pico-sdk/lib/tinyusb/src/portable/raspberrypi/rp2040/dcd_rp2040.c.obj
 .text._hw_endpoint_alloc
                0x0000000010006014       0x70 CMakeFiles/arducam_firmware.dir/Users/xiayuzeng/pico/pico-sdk/lib/tinyusb/src/portable/raspberrypi/rp2040/dcd_rp2040.c.obj
 .text.hw_endpoint_init
                0x0000000010006084       0x88 CMakeFiles/arducam_firmware.dir/Users/xiayuzeng/pico/pico-sdk/lib/tinyusb/src/portable/raspberrypi/rp2040/dcd_rp2040.c.obj
 .text.reset_non_control_endpoints
                0x000000001000610c       0x40 CMakeFiles/arducam_firmware.dir/Users/xiayuzeng/pico/pico-sdk/lib/tinyusb/src/portable/raspberrypi/rp2040/dcd_rp2040.c.obj
 .text.hw_handle_buff_status
                0x000000001000614c       0x8c CMakeFiles/arducam_firmware.dir/Users/xiayuzeng/pico/pico-sdk/lib/tinyusb/src/portable/raspberrypi/rp2040/dcd_rp2040.c.obj
 .text.dcd_rp2040_irq
                0x00000000100061d8       0xc0 CMakeFiles/arducam_firmware.dir/Users/xiayuzeng/pico/pico-sdk/lib/tinyusb/src/portable/raspberrypi/rp2040/dcd_rp2040.c.obj
 .text.hw_endpoint_xfer
                0x0000000010006298       0x14 CMakeFiles/arducam_firmware.dir/Users/xiayuzeng/pico/pico-sdk/lib/tinyusb/src/portable/raspberrypi/rp2040/dcd_rp2040.c.obj
 .text.dcd_int_enable
                0x00000000100062ac       0x2c CMakeFiles/arducam_firmware.dir/Users/xiayuzeng/pico/pico-sdk/lib/tinyusb/src/portable/raspberrypi/rp2040/dcd_rp2040.c.obj
                0x00000000100062ac                dcd_int_enable
 .text.dcd_set_address
                0x00000000100062d8       0x2c CMakeFiles/arducam_firmware.dir/Users/xiayuzeng/pico/pico-sdk/lib/tinyusb/src/portable/raspberrypi/rp2040/dcd_rp2040.c.obj
                0x00000000100062d8                dcd_set_address
 .text.dcd_connect
                0x0000000010006304       0x10 CMakeFiles/arducam_firmware.dir/Users/xiayuzeng/pico/pico-sdk/lib/tinyusb/src/portable/raspberrypi/rp2040/dcd_rp2040.c.obj
                0x0000000010006304                dcd_connect
 .text.dcd_init
                0x0000000010006314       0x7c CMakeFiles/arducam_firmware.dir/Users/xiayuzeng/pico/pico-sdk/lib/tinyusb/src/portable/raspberrypi/rp2040/dcd_rp2040.c.obj
                0x0000000010006314                dcd_init
 .text.dcd_edpt0_status_complete
                0x0000000010006390       0x1c CMakeFiles/arducam_firmware.dir/Users/xiayuzeng/pico/pico-sdk/lib/tinyusb/src/portable/raspberrypi/rp2040/dcd_rp2040.c.obj
                0x0000000010006390                dcd_edpt0_status_complete
 .text.dcd_edpt_open
                0x00000000100063ac       0x40 CMakeFiles/arducam_firmware.dir/Users/xiayuzeng/pico/pico-sdk/lib/tinyusb/src/portable/raspberrypi/rp2040/dcd_rp2040.c.obj
                0x00000000100063ac                dcd_edpt_open
 .text.dcd_edpt_close_all
                0x00000000100063ec        0x8 CMakeFiles/arducam_firmware.dir/Users/xiayuzeng/pico/pico-sdk/lib/tinyusb/src/portable/raspberrypi/rp2040/dcd_rp2040.c.obj
                0x00000000100063ec                dcd_edpt_close_all
 .text.dcd_edpt_xfer
                0x00000000100063f4       0x30 CMakeFiles/arducam_firmware.dir/Users/xiayuzeng/pico/pico-sdk/lib/tinyusb/src/portable/raspberrypi/rp2040/dcd_rp2040.c.obj
                0x00000000100063f4                dcd_edpt_xfer
 .text.dcd_edpt_stall
                0x0000000010006424       0x2c CMakeFiles/arducam_firmware.dir/Users/xiayuzeng/pico/pico-sdk/lib/tinyusb/src/portable/raspberrypi/rp2040/dcd_rp2040.c.obj
                0x0000000010006424                dcd_edpt_stall
 .text.dcd_edpt_clear_stall
                0x0000000010006450       0x20 CMakeFiles/arducam_firmware.dir/Users/xiayuzeng/pico/pico-sdk/lib/tinyusb/src/portable/raspberrypi/rp2040/dcd_rp2040.c.obj
                0x0000000010006450                dcd_edpt_clear_stall
 .text.prepare_ep_buffer
                0x0000000010006470       0x70 CMakeFiles/arducam_firmware.dir/Users/xiayuzeng/pico/pico-sdk/lib/tinyusb/src/portable/raspberrypi/rp2040/rp2040_usb.c.obj
 .text.sync_ep_buffer
                0x00000000100064e0       0x7c CMakeFiles/arducam_firmware.dir/Users/xiayuzeng/pico/pico-sdk/lib/tinyusb/src/portable/raspberrypi/rp2040/rp2040_usb.c.obj
 .text._hw_endpoint_xfer_sync
                0x000000001000655c       0x28 CMakeFiles/arducam_firmware.dir/Users/xiayuzeng/pico/pico-sdk/lib/tinyusb/src/portable/raspberrypi/rp2040/rp2040_usb.c.obj
 .text.rp2040_usb_init
                0x0000000010006584       0x4c CMakeFiles/arducam_firmware.dir/Users/xiayuzeng/pico/pico-sdk/lib/tinyusb/src/portable/raspberrypi/rp2040/rp2040_usb.c.obj
                0x0000000010006584                rp2040_usb_init
 .text.hw_endpoint_reset_transfer
                0x00000000100065d0        0xc CMakeFiles/arducam_firmware.dir/Users/xiayuzeng/pico/pico-sdk/lib/tinyusb/src/portable/raspberrypi/rp2040/rp2040_usb.c.obj
                0x00000000100065d0                hw_endpoint_reset_transfer
 .text._hw_endpoint_buffer_control_update32
                0x00000000100065dc       0x58 CMakeFiles/arducam_firmware.dir/Users/xiayuzeng/pico/pico-sdk/lib/tinyusb/src/portable/raspberrypi/rp2040/rp2040_usb.c.obj
                0x00000000100065dc                _hw_endpoint_buffer_control_update32
 .text._hw_endpoint_start_next_buffer
                0x0000000010006634       0x74 CMakeFiles/arducam_firmware.dir/Users/xiayuzeng/pico/pico-sdk/lib/tinyusb/src/portable/raspberrypi/rp2040/rp2040_usb.c.obj
 .text.hw_endpoint_xfer_start
                0x00000000100066a8       0x48 CMakeFiles/arducam_firmware.dir/Users/xiayuzeng/pico/pico-sdk/lib/tinyusb/src/portable/raspberrypi/rp2040/rp2040_usb.c.obj
                0x00000000100066a8                hw_endpoint_xfer_start
 .text.hw_endpoint_xfer_continue
                0x00000000100066f0       0x38 CMakeFiles/arducam_firmware.dir/Users/xiayuzeng/pico/pico-sdk/lib/tinyusb/src/portable/raspberrypi/rp2040/rp2040_usb.c.obj
                0x00000000100066f0                hw_endpoint_xfer_continue
 .text.configuration_reset
                0x0000000010006728       0x84 CMakeFiles/arducam_firmware.dir/Users/xiayuzeng/pico/pico-sdk/lib/tinyusb/src/device/usbd.c.obj
 .text.usbd_reset
                0x00000000100067ac        0xc CMakeFiles/arducam_firmware.dir/Users/xiayuzeng/pico/pico-sdk/lib/tinyusb/src/device/usbd.c.obj
 .text.invoke_class_control
                0x00000000100067b8       0x1a CMakeFiles/arducam_firmware.dir/Users/xiayuzeng/pico/pico-sdk/lib/tinyusb/src/device/usbd.c.obj
 *fill*         0x00000000100067d2        0x2 
 .text.process_set_config
                0x00000000100067d4      0x1b0 CMakeFiles/arducam_firmware.dir/Users/xiayuzeng/pico/pico-sdk/lib/tinyusb/src/device/usbd.c.obj
 .text.process_get_descriptor
                0x0000000010006984       0xec CMakeFiles/arducam_firmware.dir/Users/xiayuzeng/pico/pico-sdk/lib/tinyusb/src/device/usbd.c.obj
 .text.tud_mounted
                0x0000000010006a70       0x10 CMakeFiles/arducam_firmware.dir/Users/xiayuzeng/pico/pico-sdk/lib/tinyusb/src/device/usbd.c.obj
                0x0000000010006a70                tud_mounted
 .text.tud_suspended
                0x0000000010006a80       0x10 CMakeFiles/arducam_firmware.dir/Users/xiayuzeng/pico/pico-sdk/lib/tinyusb/src/device/usbd.c.obj
                0x0000000010006a80                tud_suspended
 .text.tud_inited
                0x0000000010006a90        0xc CMakeFiles/arducam_firmware.dir/Users/xiayuzeng/pico/pico-sdk/lib/tinyusb/src/device/usbd.c.obj
                0x0000000010006a90                tud_inited
 .text.tud_init
                0x0000000010006a9c       0xcc CMakeFiles/arducam_firmware.dir/Users/xiayuzeng/pico/pico-sdk/lib/tinyusb/src/device/usbd.c.obj
                0x0000000010006a9c                tud_init
 .text.dcd_event_handler
                0x0000000010006b68      0x1e0 CMakeFiles/arducam_firmware.dir/Users/xiayuzeng/pico/pico-sdk/lib/tinyusb/src/device/usbd.c.obj
                0x0000000010006b68                dcd_event_handler
 .text.dcd_event_bus_signal
                0x0000000010006d48       0x26 CMakeFiles/arducam_firmware.dir/Users/xiayuzeng/pico/pico-sdk/lib/tinyusb/src/device/usbd.c.obj
                0x0000000010006d48                dcd_event_bus_signal
 .text.dcd_event_bus_reset
                0x0000000010006d6e       0x2a CMakeFiles/arducam_firmware.dir/Users/xiayuzeng/pico/pico-sdk/lib/tinyusb/src/device/usbd.c.obj
                0x0000000010006d6e                dcd_event_bus_reset
 .text.dcd_event_setup_received
                0x0000000010006d98       0x34 CMakeFiles/arducam_firmware.dir/Users/xiayuzeng/pico/pico-sdk/lib/tinyusb/src/device/usbd.c.obj
                0x0000000010006d98                dcd_event_setup_received
 .text.dcd_event_xfer_complete
                0x0000000010006dcc       0x44 CMakeFiles/arducam_firmware.dir/Users/xiayuzeng/pico/pico-sdk/lib/tinyusb/src/device/usbd.c.obj
                0x0000000010006dcc                dcd_event_xfer_complete
 .text.usbd_edpt_open
                0x0000000010006e10       0x58 CMakeFiles/arducam_firmware.dir/Users/xiayuzeng/pico/pico-sdk/lib/tinyusb/src/device/usbd.c.obj
                0x0000000010006e10                usbd_edpt_open
 .text.usbd_open_edpt_pair
                0x0000000010006e68       0x8c CMakeFiles/arducam_firmware.dir/Users/xiayuzeng/pico/pico-sdk/lib/tinyusb/src/device/usbd.c.obj
                0x0000000010006e68                usbd_open_edpt_pair
 .text.usbd_edpt_claim
                0x0000000010006ef4       0x8c CMakeFiles/arducam_firmware.dir/Users/xiayuzeng/pico/pico-sdk/lib/tinyusb/src/device/usbd.c.obj
                0x0000000010006ef4                usbd_edpt_claim
 .text.usbd_edpt_release
                0x0000000010006f80       0x68 CMakeFiles/arducam_firmware.dir/Users/xiayuzeng/pico/pico-sdk/lib/tinyusb/src/device/usbd.c.obj
                0x0000000010006f80                usbd_edpt_release
 .text.usbd_edpt_xfer
                0x0000000010006fe8       0x80 CMakeFiles/arducam_firmware.dir/Users/xiayuzeng/pico/pico-sdk/lib/tinyusb/src/device/usbd.c.obj
                0x0000000010006fe8                usbd_edpt_xfer
 .text.usbd_edpt_stall
                0x0000000010007068       0x40 CMakeFiles/arducam_firmware.dir/Users/xiayuzeng/pico/pico-sdk/lib/tinyusb/src/device/usbd.c.obj
                0x0000000010007068                usbd_edpt_stall
 .text.usbd_edpt_clear_stall
                0x00000000100070a8       0x40 CMakeFiles/arducam_firmware.dir/Users/xiayuzeng/pico/pico-sdk/lib/tinyusb/src/device/usbd.c.obj
                0x00000000100070a8                usbd_edpt_clear_stall
 .text.usbd_edpt_stalled
                0x00000000100070e8       0x1c CMakeFiles/arducam_firmware.dir/Users/xiayuzeng/pico/pico-sdk/lib/tinyusb/src/device/usbd.c.obj
                0x00000000100070e8                usbd_edpt_stalled
 .text.process_control_request
                0x0000000010007104      0x3b8 CMakeFiles/arducam_firmware.dir/Users/xiayuzeng/pico/pico-sdk/lib/tinyusb/src/device/usbd.c.obj
 .text.tud_task
                0x00000000100074bc      0x218 CMakeFiles/arducam_firmware.dir/Users/xiayuzeng/pico/pico-sdk/lib/tinyusb/src/device/usbd.c.obj
                0x00000000100074bc                tud_task
 .text._data_stage_xact
                0x00000000100076d4       0x58 CMakeFiles/arducam_firmware.dir/Users/xiayuzeng/pico/pico-sdk/lib/tinyusb/src/device/usbd_control.c.obj
 .text.tud_control_status
                0x000000001000772c       0x38 CMakeFiles/arducam_firmware.dir/Users/xiayuzeng/pico/pico-sdk/lib/tinyusb/src/device/usbd_control.c.obj
                0x000000001000772c                tud_control_status
 .text.tud_control_xfer
                0x0000000010007764       0xa8 CMakeFiles/arducam_firmware.dir/Users/xiayuzeng/pico/pico-sdk/lib/tinyusb/src/device/usbd_control.c.obj
                0x0000000010007764                tud_control_xfer
 .text.usbd_control_reset
                0x000000001000780c       0x14 CMakeFiles/arducam_firmware.dir/Users/xiayuzeng/pico/pico-sdk/lib/tinyusb/src/device/usbd_control.c.obj
                0x000000001000780c                usbd_control_reset
 .text.usbd_control_set_complete_callback
                0x0000000010007820        0xc CMakeFiles/arducam_firmware.dir/Users/xiayuzeng/pico/pico-sdk/lib/tinyusb/src/device/usbd_control.c.obj
                0x0000000010007820                usbd_control_set_complete_callback
 .text.usbd_control_set_request
                0x000000001000782c       0x1c CMakeFiles/arducam_firmware.dir/Users/xiayuzeng/pico/pico-sdk/lib/tinyusb/src/device/usbd_control.c.obj
                0x000000001000782c                usbd_control_set_request
 .text.usbd_control_xfer_cb
                0x0000000010007848       0xfc CMakeFiles/arducam_firmware.dir/Users/xiayuzeng/pico/pico-sdk/lib/tinyusb/src/device/usbd_control.c.obj
                0x0000000010007848                usbd_control_xfer_cb
 .text._prep_out_transaction
                0x0000000010007944       0x46 CMakeFiles/arducam_firmware.dir/Users/xiayuzeng/pico/pico-sdk/lib/tinyusb/src/class/cdc/cdc_device.c.obj
 *fill*         0x000000001000798a        0x2 
 .text.tud_cdc_n_connected
                0x000000001000798c       0x44 CMakeFiles/arducam_firmware.dir/Users/xiayuzeng/pico/pico-sdk/lib/tinyusb/src/class/cdc/cdc_device.c.obj
                0x000000001000798c                tud_cdc_n_connected
 .text.tud_cdc_n_available
                0x00000000100079d0       0x18 CMakeFiles/arducam_firmware.dir/Users/xiayuzeng/pico/pico-sdk/lib/tinyusb/src/class/cdc/cdc_device.c.obj
                0x00000000100079d0                tud_cdc_n_available
 .text.tud_cdc_n_read
                0x00000000100079e8       0x28 CMakeFiles/arducam_firmware.dir/Users/xiayuzeng/pico/pico-sdk/lib/tinyusb/src/class/cdc/cdc_device.c.obj
                0x00000000100079e8                tud_cdc_n_read
 .text.tud_cdc_n_write_flush
                0x0000000010007a10       0xcc CMakeFiles/arducam_firmware.dir/Users/xiayuzeng/pico/pico-sdk/lib/tinyusb/src/class/cdc/cdc_device.c.obj
                0x0000000010007a10                tud_cdc_n_write_flush
 .text.tud_cdc_n_write
                0x0000000010007adc       0x38 CMakeFiles/arducam_firmware.dir/Users/xiayuzeng/pico/pico-sdk/lib/tinyusb/src/class/cdc/cdc_device.c.obj
                0x0000000010007adc                tud_cdc_n_write
 .text.tud_cdc_n_write_available
                0x0000000010007b14       0x1c CMakeFiles/arducam_firmware.dir/Users/xiayuzeng/pico/pico-sdk/lib/tinyusb/src/class/cdc/cdc_device.c.obj
                0x0000000010007b14                tud_cdc_n_write_available
 .text.cdcd_init
                0x0000000010007b30       0xbc CMakeFiles/arducam_firmware.dir/Users/xiayuzeng/pico/pico-sdk/lib/tinyusb/src/class/cdc/cdc_device.c.obj
                0x0000000010007b30                cdcd_init
 .text.cdcd_reset
                0x0000000010007bec       0x44 CMakeFiles/arducam_firmware.dir/Users/xiayuzeng/pico/pico-sdk/lib/tinyusb/src/class/cdc/cdc_device.c.obj
                0x0000000010007bec                cdcd_reset
 .text.cdcd_open
                0x0000000010007c30       0xf8 CMakeFiles/arducam_firmware.dir/Users/xiayuzeng/pico/pico-sdk/lib/tinyusb/src/class/cdc/cdc_device.c.obj
                0x0000000010007c30                cdcd_open
 .text.cdcd_control_xfer_cb
                0x0000000010007d28      0x134 CMakeFiles/arducam_firmware.dir/Users/xiayuzeng/pico/pico-sdk/lib/tinyusb/src/class/cdc/cdc_device.c.obj
                0x0000000010007d28                cdcd_control_xfer_cb
 .text.cdcd_xfer_cb
                0x0000000010007e5c      0x144 CMakeFiles/arducam_firmware.dir/Users/xiayuzeng/pico/pico-sdk/lib/tinyusb/src/class/cdc/cdc_device.c.obj
                0x0000000010007e5c                cdcd_xfer_cb
 .text.tusb_init
                0x0000000010007fa0       0x24 CMakeFiles/arducam_firmware.dir/Users/xiayuzeng/pico/pico-sdk/lib/tinyusb/src/tusb.c.obj
                0x0000000010007fa0                tusb_init
 .text.tusb_inited
                0x0000000010007fc4        0xe CMakeFiles/arducam_firmware.dir/Users/xiayuzeng/pico/pico-sdk/lib/tinyusb/src/tusb.c.obj
                0x0000000010007fc4                tusb_inited
 *fill*         0x0000000010007fd2        0x2 
 .text.tu_edpt_validate
                0x0000000010007fd4       0xa8 CMakeFiles/arducam_firmware.dir/Users/xiayuzeng/pico/pico-sdk/lib/tinyusb/src/tusb.c.obj
                0x0000000010007fd4                tu_edpt_validate
 .text.tu_edpt_bind_driver
                0x000000001000807c       0x2a CMakeFiles/arducam_firmware.dir/Users/xiayuzeng/pico/pico-sdk/lib/tinyusb/src/tusb.c.obj
                0x000000001000807c                tu_edpt_bind_driver
 .text.advance_pointer
                0x00000000100080a6       0x18 CMakeFiles/arducam_firmware.dir/Users/xiayuzeng/pico/pico-sdk/lib/tinyusb/src/common/tusb_fifo.c.obj
 .text.backward_pointer
                0x00000000100080be       0x1e CMakeFiles/arducam_firmware.dir/Users/xiayuzeng/pico/pico-sdk/lib/tinyusb/src/common/tusb_fifo.c.obj
 .text.get_relative_pointer
                0x00000000100080dc       0x10 CMakeFiles/arducam_firmware.dir/Users/xiayuzeng/pico/pico-sdk/lib/tinyusb/src/common/tusb_fifo.c.obj
 .text._tu_fifo_peek
                0x00000000100080ec       0x50 CMakeFiles/arducam_firmware.dir/Users/xiayuzeng/pico/pico-sdk/lib/tinyusb/src/common/tusb_fifo.c.obj
 .text._ff_pull_const_addr
                0x000000001000813c       0x4c CMakeFiles/arducam_firmware.dir/Users/xiayuzeng/pico/pico-sdk/lib/tinyusb/src/common/tusb_fifo.c.obj
 .text._ff_pull_n
                0x0000000010008188      0x10c CMakeFiles/arducam_firmware.dir/Users/xiayuzeng/pico/pico-sdk/lib/tinyusb/src/common/tusb_fifo.c.obj
 .text._tu_fifo_peek_n
                0x0000000010008294       0x5e CMakeFiles/arducam_firmware.dir/Users/xiayuzeng/pico/pico-sdk/lib/tinyusb/src/common/tusb_fifo.c.obj
 .text._tu_fifo_read_n
                0x00000000100082f2       0x4e CMakeFiles/arducam_firmware.dir/Users/xiayuzeng/pico/pico-sdk/lib/tinyusb/src/common/tusb_fifo.c.obj
 .text._ff_push_const_addr
                0x0000000010008340       0x40 CMakeFiles/arducam_firmware.dir/Users/xiayuzeng/pico/pico-sdk/lib/tinyusb/src/common/tusb_fifo.c.obj
 .text._ff_push_n
                0x0000000010008380      0x108 CMakeFiles/arducam_firmware.dir/Users/xiayuzeng/pico/pico-sdk/lib/tinyusb/src/common/tusb_fifo.c.obj
 .text._tu_fifo_write_n
                0x0000000010008488       0x9e CMakeFiles/arducam_firmware.dir/Users/xiayuzeng/pico/pico-sdk/lib/tinyusb/src/common/tusb_fifo.c.obj
 .text.tu_fifo_config
                0x0000000010008526       0x72 CMakeFiles/arducam_firmware.dir/Users/xiayuzeng/pico/pico-sdk/lib/tinyusb/src/common/tusb_fifo.c.obj
                0x0000000010008526                tu_fifo_config
 .text.tu_fifo_count
                0x0000000010008598       0x26 CMakeFiles/arducam_firmware.dir/Users/xiayuzeng/pico/pico-sdk/lib/tinyusb/src/common/tusb_fifo.c.obj
                0x0000000010008598                tu_fifo_count
 .text.tu_fifo_empty
                0x00000000100085be       0x10 CMakeFiles/arducam_firmware.dir/Users/xiayuzeng/pico/pico-sdk/lib/tinyusb/src/common/tusb_fifo.c.obj
                0x00000000100085be                tu_fifo_empty
 .text.tu_fifo_remaining
                0x00000000100085ce       0x20 CMakeFiles/arducam_firmware.dir/Users/xiayuzeng/pico/pico-sdk/lib/tinyusb/src/common/tusb_fifo.c.obj
                0x00000000100085ce                tu_fifo_remaining
 .text.tu_fifo_read
                0x00000000100085ee       0x42 CMakeFiles/arducam_firmware.dir/Users/xiayuzeng/pico/pico-sdk/lib/tinyusb/src/common/tusb_fifo.c.obj
                0x00000000100085ee                tu_fifo_read
 .text.tu_fifo_read_n
                0x0000000010008630        0xa CMakeFiles/arducam_firmware.dir/Users/xiayuzeng/pico/pico-sdk/lib/tinyusb/src/common/tusb_fifo.c.obj
                0x0000000010008630                tu_fifo_read_n
 .text.tu_fifo_write
                0x000000001000863a       0x6c CMakeFiles/arducam_firmware.dir/Users/xiayuzeng/pico/pico-sdk/lib/tinyusb/src/common/tusb_fifo.c.obj
                0x000000001000863a                tu_fifo_write
 .text.tu_fifo_write_n
                0x00000000100086a6        0xa CMakeFiles/arducam_firmware.dir/Users/xiayuzeng/pico/pico-sdk/lib/tinyusb/src/common/tusb_fifo.c.obj
                0x00000000100086a6                tu_fifo_write_n
 .text.tu_fifo_clear
                0x00000000100086b0       0x4c CMakeFiles/arducam_firmware.dir/Users/xiayuzeng/pico/pico-sdk/lib/tinyusb/src/common/tusb_fifo.c.obj
                0x00000000100086b0                tu_fifo_clear
 .text.tu_fifo_set_overwritable
                0x00000000100086fc       0x3c CMakeFiles/arducam_firmware.dir/Users/xiayuzeng/pico/pico-sdk/lib/tinyusb/src/common/tusb_fifo.c.obj
                0x00000000100086fc                tu_fifo_set_overwritable
 .text._retrieve_unique_id_on_boot
                0x0000000010008738       0x10 CMakeFiles/arducam_firmware.dir/Users/xiayuzeng/pico/pico-sdk/src/rp2_common/pico_unique_id/unique_id.c.obj
 .text.pico_get_unique_board_id_string
                0x0000000010008748       0x60 CMakeFiles/arducam_firmware.dir/Users/xiayuzeng/pico/pico-sdk/src/rp2_common/pico_unique_id/unique_id.c.obj
                0x0000000010008748                pico_get_unique_board_id_string
 .text.flash_get_unique_id
                0x00000000100087a8       0x46 CMakeFiles/arducam_firmware.dir/Users/xiayuzeng/pico/pico-sdk/src/rp2_common/hardware_flash/flash.c.obj
                0x00000000100087a8                flash_get_unique_id
 *fill*         0x00000000100087ee        0x2 
 .text._pio_can_add_program_at_offset
                0x00000000100087f0       0x3c CMakeFiles/arducam_firmware.dir/Users/xiayuzeng/pico/pico-sdk/src/rp2_common/hardware_pio/pio.c.obj
 .text._pio_find_offset_for_program
                0x000000001000882c       0x7c CMakeFiles/arducam_firmware.dir/Users/xiayuzeng/pico/pico-sdk/src/rp2_common/hardware_pio/pio.c.obj
 .text._pio_add_program_at_offset
                0x00000000100088a8       0x78 CMakeFiles/arducam_firmware.dir/Users/xiayuzeng/pico/pico-sdk/src/rp2_common/hardware_pio/pio.c.obj
 .text.pio_add_program
                0x0000000010008920       0x38 CMakeFiles/arducam_firmware.dir/Users/xiayuzeng/pico/pico-sdk/src/rp2_common/hardware_pio/pio.c.obj
                0x0000000010008920                pio_add_program
 .text.pio_sm_set_consecutive_pindirs
                0x0000000010008958       0x70 CMakeFiles/arducam_firmware.dir/Users/xiayuzeng/pico/pico-sdk/src/rp2_common/hardware_pio/pio.c.obj
                0x0000000010008958                pio_sm_set_consecutive_pindirs
 .text.pio_sm_init
                0x00000000100089c8       0xe4 CMakeFiles/arducam_firmware.dir/Users/xiayuzeng/pico/pico-sdk/src/rp2_common/hardware_pio/pio.c.obj
                0x00000000100089c8                pio_sm_init
 .text.spi_set_baudrate
                0x0000000010008aac       0x92 CMakeFiles/arducam_firmware.dir/Users/xiayuzeng/pico/pico-sdk/src/rp2_common/hardware_spi/spi.c.obj
                0x0000000010008aac                spi_set_baudrate
 *fill*         0x0000000010008b3e        0x2 
 .text.spi_init
                0x0000000010008b40       0x68 CMakeFiles/arducam_firmware.dir/Users/xiayuzeng/pico/pico-sdk/src/rp2_common/hardware_spi/spi.c.obj
                0x0000000010008b40                spi_init
 .text.core1_trampoline
                0x0000000010008ba8        0x2 CMakeFiles/arducam_firmware.dir/Users/xiayuzeng/pico/pico-sdk/src/rp2_common/pico_multicore/multicore.c.obj
 .text.core1_wrapper
                0x0000000010008baa        0xc CMakeFiles/arducam_firmware.dir/Users/xiayuzeng/pico/pico-sdk/src/rp2_common/pico_multicore/multicore.c.obj
                0x0000000010008baa                core1_wrapper
 .text.multicore_fifo_push_blocking
                0x0000000010008bb6       0x14 CMakeFiles/arducam_firmware.dir/Users/xiayuzeng/pico/pico-sdk/src/rp2_common/pico_multicore/multicore.c.obj
                0x0000000010008bb6                multicore_fifo_push_blocking
 .text.multicore_fifo_pop_blocking
                0x0000000010008bca       0x16 CMakeFiles/arducam_firmware.dir/Users/xiayuzeng/pico/pico-sdk/src/rp2_common/pico_multicore/multicore.c.obj
                0x0000000010008bca                multicore_fifo_pop_blocking
 .text.multicore_launch_core1_raw
                0x0000000010008be0       0x6e CMakeFiles/arducam_firmware.dir/Users/xiayuzeng/pico/pico-sdk/src/rp2_common/pico_multicore/multicore.c.obj
                0x0000000010008be0                multicore_launch_core1_raw
 *fill*         0x0000000010008c4e        0x2 
 .text.multicore_launch_core1_with_stack
                0x0000000010008c50       0x50 CMakeFiles/arducam_firmware.dir/Users/xiayuzeng/pico/pico-sdk/src/rp2_common/pico_multicore/multicore.c.obj
                0x0000000010008c50                multicore_launch_core1_with_stack
 .text.multicore_launch_core1
                0x0000000010008ca0       0x24 CMakeFiles/arducam_firmware.dir/Users/xiayuzeng/pico/pico-sdk/src/rp2_common/pico_multicore/multicore.c.obj
                0x0000000010008ca0                multicore_launch_core1
 .text.strlen   0x0000000010008cc4       0x5c /usr/local/Cellar/arm-none-eabi-gcc/10.3-2021.07/gcc/bin/../lib/gcc/arm-none-eabi/10.3.1/../../../../arm-none-eabi/lib/thumb/v6-m/nofp/libg.a(lib_a-strlen-stub.o)
                0x0000000010008cc4                strlen
 *(.fini)
 .fini          0x0000000010008d20        0x4 /usr/local/Cellar/arm-none-eabi-gcc/10.3-2021.07/gcc/bin/../lib/gcc/arm-none-eabi/10.3.1/thumb/v6-m/nofp/crti.o
                0x0000000010008d20                _fini
 *fill*         0x0000000010008d24        0x4 
 .fini.__stub   0x0000000010008d28       0x80 linker stubs
 *crtbegin.o(.ctors)
 *crtbegin?.o(.ctors)
 *(EXCLUDE_FILE(*crtend.o *crtend?.o) .ctors)
 *(SORT_BY_NAME(.ctors.*))
 *(.ctors)
 *crtbegin.o(.dtors)
 *crtbegin?.o(.dtors)
 *(EXCLUDE_FILE(*crtend.o *crtend?.o) .dtors)
 *(SORT_BY_NAME(.dtors.*))
 *(.dtors)
 *(.eh_frame*)
 .eh_frame      0x0000000010008da8        0x0 /usr/local/Cellar/arm-none-eabi-gcc/10.3-2021.07/gcc/bin/../lib/gcc/arm-none-eabi/10.3.1/thumb/v6-m/nofp/crtbegin.o
                0x0000000010008da8                . = ALIGN (0x4)

.glue_7         0x0000000010008da8        0x0
 .glue_7        0x0000000010008da8        0x0 linker stubs

.glue_7t        0x0000000010008da8        0x0
 .glue_7t       0x0000000010008da8        0x0 linker stubs

.vfp11_veneer   0x0000000010008da8        0x0
 .vfp11_veneer  0x0000000010008da8        0x0 linker stubs

.v4_bx          0x0000000010008da8        0x0
 .v4_bx         0x0000000010008da8        0x0 linker stubs

.iplt           0x0000000010008da8        0x0
 .iplt          0x0000000010008da8        0x0 /usr/local/Cellar/arm-none-eabi-gcc/10.3-2021.07/gcc/bin/../lib/gcc/arm-none-eabi/10.3.1/thumb/v6-m/nofp/crtbegin.o

.rodata         0x0000000010008da8     0x92d4
 *(EXCLUDE_FILE(*libm.a: *libc.a:*lib_a-mem*.o *libgcc.a:) .rodata*)
 .rodata.arducam_capture_frame.str1.4
                0x0000000010008da8       0x87 CMakeFiles/arducam_firmware.dir/arducam/arducam.c.obj
 *fill*         0x0000000010008e2f        0x1 
 .rodata.__func__.1
                0x0000000010008e30       0x18 CMakeFiles/arducam_firmware.dir/arducam/arducam.c.obj
 .rodata.__func__.3
                0x0000000010008e48       0x1c CMakeFiles/arducam_firmware.dir/arducam/arducam.c.obj
 .rodata.image_program
                0x0000000010008e64        0x6 CMakeFiles/arducam_firmware.dir/arducam/arducam.c.obj
 *fill*         0x0000000010008e6a        0x2 
 .rodata.image_program_instructions
                0x0000000010008e6c        0x8 CMakeFiles/arducam_firmware.dir/arducam/arducam.c.obj
 .rodata.core1_entry.str1.4
                0x0000000010008e74       0xe6 CMakeFiles/arducam_firmware.dir/main.c.obj
 *fill*         0x0000000010008f5a        0x2 
 .rodata.main.str1.4
                0x0000000010008f5c       0x8e CMakeFiles/arducam_firmware.dir/main.c.obj
 *fill*         0x0000000010008fea        0x2 
 .rodata        0x0000000010008fec        0x8 CMakeFiles/arducam_firmware.dir/main.c.obj
 .rodata.init_cmds1
                0x0000000010008ff4       0x3b CMakeFiles/arducam_firmware.dir/lib/st7735.c.obj
 *fill*         0x000000001000902f        0x1 
 .rodata.init_cmds2
                0x0000000010009030        0xd CMakeFiles/arducam_firmware.dir/lib/st7735.c.obj
 *fill*         0x000000001000903d        0x3 
 .rodata.init_cmds3
                0x0000000010009040       0x2b CMakeFiles/arducam_firmware.dir/lib/st7735.c.obj
 *fill*         0x000000001000906b        0x1 
 .rodata.Font16x26
                0x000000001000906c     0x134c CMakeFiles/arducam_firmware.dir/lib/fonts.c.obj
 .rodata.arducam_logo
                0x000000001000a3b8     0x6408 CMakeFiles/arducam_firmware.dir/lib/fonts.c.obj
                0x000000001000a3b8                arducam_logo
 .rodata.DEV_Module_Init.str1.4
                0x00000000100107c0       0x15 CMakeFiles/arducam_firmware.dir/lib/DEV_Config.c.obj
 *fill*         0x00000000100107d5        0x3 
 .rodata.spin_lock_claim_unused.str1.4
                0x00000000100107d8       0x1b CMakeFiles/arducam_firmware.dir/Users/xiayuzeng/pico/pico-sdk/src/rp2_common/hardware_sync/sync.c.obj
 *fill*         0x00000000100107f3        0x1 
 .rodata.make_branch.str1.4
                0x00000000100107f4       0x71 CMakeFiles/arducam_firmware.dir/Users/xiayuzeng/pico/pico-sdk/src/rp2_common/hardware_irq/irq.c.obj
 *fill*         0x0000000010010865        0x3 
 .rodata.insert_branch_and_link.str1.4
                0x0000000010010868       0x10 CMakeFiles/arducam_firmware.dir/Users/xiayuzeng/pico/pico-sdk/src/rp2_common/hardware_irq/irq.c.obj
 .rodata.irq_set_exclusive_handler.str1.4
                0x0000000010010878       0x36 CMakeFiles/arducam_firmware.dir/Users/xiayuzeng/pico/pico-sdk/src/rp2_common/hardware_irq/irq.c.obj
 *fill*         0x00000000100108ae        0x2 
 .rodata.irq_add_shared_handler.str1.4
                0x00000000100108b0       0xd9 CMakeFiles/arducam_firmware.dir/Users/xiayuzeng/pico/pico-sdk/src/rp2_common/hardware_irq/irq.c.obj
 *fill*         0x0000000010010989        0x3 
 .rodata.irq_remove_handler.str1.4
                0x000000001001098c       0x2a CMakeFiles/arducam_firmware.dir/Users/xiayuzeng/pico/pico-sdk/src/rp2_common/hardware_irq/irq.c.obj
 *fill*         0x00000000100109b6        0x2 
 .rodata.irq_add_tail_to_free_list.str1.4
                0x00000000100109b8       0x3a CMakeFiles/arducam_firmware.dir/Users/xiayuzeng/pico/pico-sdk/src/rp2_common/hardware_irq/irq.c.obj
 *fill*         0x00000000100109f2        0x2 
 .rodata.user_irq_claim_unused.str1.4
                0x00000000100109f4       0x1b CMakeFiles/arducam_firmware.dir/Users/xiayuzeng/pico/pico-sdk/src/rp2_common/hardware_irq/irq.c.obj
 *fill*         0x0000000010010a0f        0x1 
 .rodata.__func__.0
                0x0000000010010a10       0x1a CMakeFiles/arducam_firmware.dir/Users/xiayuzeng/pico/pico-sdk/src/rp2_common/hardware_irq/irq.c.obj
 *fill*         0x0000000010010a2a        0x2 
 .rodata.__func__.1
                0x0000000010010a2c       0x17 CMakeFiles/arducam_firmware.dir/Users/xiayuzeng/pico/pico-sdk/src/rp2_common/hardware_irq/irq.c.obj
 *fill*         0x0000000010010a43        0x1 
 .rodata.__func__.2
                0x0000000010010a44       0x13 CMakeFiles/arducam_firmware.dir/Users/xiayuzeng/pico/pico-sdk/src/rp2_common/hardware_irq/irq.c.obj
 *fill*         0x0000000010010a57        0x1 
 .rodata.__func__.3
                0x0000000010010a58        0xc CMakeFiles/arducam_firmware.dir/Users/xiayuzeng/pico/pico-sdk/src/rp2_common/hardware_irq/irq.c.obj
 .rodata.__func__.4
                0x0000000010010a64        0xf CMakeFiles/arducam_firmware.dir/Users/xiayuzeng/pico/pico-sdk/src/rp2_common/hardware_irq/irq.c.obj
 *fill*         0x0000000010010a73        0x1 
 .rodata.__func__.5
                0x0000000010010a74       0x17 CMakeFiles/arducam_firmware.dir/Users/xiayuzeng/pico/pico-sdk/src/rp2_common/hardware_irq/irq.c.obj
 *fill*         0x0000000010010a8b        0x1 
 .rodata.__func__.6
                0x0000000010010a8c       0x1a CMakeFiles/arducam_firmware.dir/Users/xiayuzeng/pico/pico-sdk/src/rp2_common/hardware_irq/irq.c.obj
 *fill*         0x0000000010010aa6        0x2 
 .rodata.repeating_timer_callback.str1.4
                0x0000000010010aa8       0x4f CMakeFiles/arducam_firmware.dir/Users/xiayuzeng/pico/pico-sdk/src/common/pico_time/time.c.obj
 *fill*         0x0000000010010af7        0x1 
 .rodata.alarm_pool_dump_key.str1.4
                0x0000000010010af8       0x33 CMakeFiles/arducam_firmware.dir/Users/xiayuzeng/pico/pico-sdk/src/common/pico_time/time.c.obj
 *fill*         0x0000000010010b2b        0x1 
 .rodata.ph_add_child_node.str1.4
                0x0000000010010b2c       0x9a CMakeFiles/arducam_firmware.dir/Users/xiayuzeng/pico/pico-sdk/src/common/pico_time/time.c.obj
 *fill*         0x0000000010010bc6        0x2 
 .rodata.add_alarm_under_lock.str1.4
                0x0000000010010bc8       0x28 CMakeFiles/arducam_firmware.dir/Users/xiayuzeng/pico/pico-sdk/src/common/pico_time/time.c.obj
                                         0x2b (size before relaxing)
 .rodata.alarm_pool_alarm_callback.str1.4
                0x0000000010010bf0       0xea CMakeFiles/arducam_firmware.dir/Users/xiayuzeng/pico/pico-sdk/src/common/pico_time/time.c.obj
 *fill*         0x0000000010010cda        0x2 
 .rodata.alarm_pool_get_default.str1.4
                0x0000000010010cdc       0x21 CMakeFiles/arducam_firmware.dir/Users/xiayuzeng/pico/pico-sdk/src/common/pico_time/time.c.obj
 *fill*         0x0000000010010cfd        0x3 
 .rodata.alarm_pool_cancel_alarm.str1.4
                0x0000000010010d00       0x27 CMakeFiles/arducam_firmware.dir/Users/xiayuzeng/pico/pico-sdk/src/common/pico_time/time.c.obj
 *fill*         0x0000000010010d27        0x1 
 .rodata.sleep_until.str1.4
                0x0000000010010d28       0x4d CMakeFiles/arducam_firmware.dir/Users/xiayuzeng/pico/pico-sdk/src/common/pico_time/time.c.obj
 *fill*         0x0000000010010d75        0x3 
 .rodata.__func__.1
                0x0000000010010d78       0x18 CMakeFiles/arducam_firmware.dir/Users/xiayuzeng/pico/pico-sdk/src/common/pico_time/time.c.obj
 .rodata.__func__.10
                0x0000000010010d90       0x15 CMakeFiles/arducam_firmware.dir/Users/xiayuzeng/pico/pico-sdk/src/common/pico_time/time.c.obj
 *fill*         0x0000000010010da5        0x3 
 .rodata.__func__.11
                0x0000000010010da8       0x1a CMakeFiles/arducam_firmware.dir/Users/xiayuzeng/pico/pico-sdk/src/common/pico_time/time.c.obj
 *fill*         0x0000000010010dc2        0x2 
 .rodata.__func__.12
                0x0000000010010dc4        0xa CMakeFiles/arducam_firmware.dir/Users/xiayuzeng/pico/pico-sdk/src/common/pico_time/time.c.obj
 *fill*         0x0000000010010dce        0x2 
 .rodata.__func__.3
                0x0000000010010dd0       0x17 CMakeFiles/arducam_firmware.dir/Users/xiayuzeng/pico/pico-sdk/src/common/pico_time/time.c.obj
 *fill*         0x0000000010010de7        0x1 
 .rodata.__func__.4
                0x0000000010010de8       0x12 CMakeFiles/arducam_firmware.dir/Users/xiayuzeng/pico/pico-sdk/src/common/pico_time/time.c.obj
 *fill*         0x0000000010010dfa        0x2 
 .rodata.__func__.5
                0x0000000010010dfc        0xd CMakeFiles/arducam_firmware.dir/Users/xiayuzeng/pico/pico-sdk/src/common/pico_time/time.c.obj
 *fill*         0x0000000010010e09        0x3 
 .rodata.__func__.6
                0x0000000010010e0c       0x12 CMakeFiles/arducam_firmware.dir/Users/xiayuzeng/pico/pico-sdk/src/common/pico_time/time.c.obj
 *fill*         0x0000000010010e1e        0x2 
 .rodata.__func__.7
                0x0000000010010e20        0xf CMakeFiles/arducam_firmware.dir/Users/xiayuzeng/pico/pico-sdk/src/common/pico_time/time.c.obj
 *fill*         0x0000000010010e2f        0x1 
 .rodata.__func__.8
                0x0000000010010e30        0xc CMakeFiles/arducam_firmware.dir/Users/xiayuzeng/pico/pico-sdk/src/common/pico_time/time.c.obj
 .rodata.__func__.9
                0x0000000010010e3c       0x15 CMakeFiles/arducam_firmware.dir/Users/xiayuzeng/pico/pico-sdk/src/common/pico_time/time.c.obj
 *fill*         0x0000000010010e51        0x3 
 .rodata.hardware_alarm_claim.str1.4
                0x0000000010010e54       0x22 CMakeFiles/arducam_firmware.dir/Users/xiayuzeng/pico/pico-sdk/src/rp2_common/hardware_timer/timer.c.obj
 *fill*         0x0000000010010e76        0x2 
 .rodata.hardware_alarm_set_target.str1.4
                0x0000000010010e78       0x69 CMakeFiles/arducam_firmware.dir/Users/xiayuzeng/pico/pico-sdk/src/rp2_common/hardware_timer/timer.c.obj
 *fill*         0x0000000010010ee1        0x3 
 .rodata.__func__.0
                0x0000000010010ee4       0x1a CMakeFiles/arducam_firmware.dir/Users/xiayuzeng/pico/pico-sdk/src/rp2_common/hardware_timer/timer.c.obj
 .rodata.ph_add_child_node.str1.4
                0x0000000010010efe       0x9a CMakeFiles/arducam_firmware.dir/Users/xiayuzeng/pico/pico-sdk/src/common/pico_util/pheap.c.obj
 *fill*         0x0000000010010efe        0x2 
 .rodata.ph_remove_any_head.str1.4
                0x0000000010010f00       0x90 CMakeFiles/arducam_firmware.dir/Users/xiayuzeng/pico/pico-sdk/src/common/pico_util/pheap.c.obj
 .rodata.ph_remove_and_free_node.str1.4
                0x0000000010010f90       0x1e CMakeFiles/arducam_firmware.dir/Users/xiayuzeng/pico/pico-sdk/src/common/pico_util/pheap.c.obj
                                         0x26 (size before relaxing)
 *fill*         0x0000000010010fae        0x2 
 .rodata.__func__.0
                0x0000000010010fb0       0x18 CMakeFiles/arducam_firmware.dir/Users/xiayuzeng/pico/pico-sdk/src/common/pico_util/pheap.c.obj
 .rodata.__func__.1
                0x0000000010010fc8       0x13 CMakeFiles/arducam_firmware.dir/Users/xiayuzeng/pico/pico-sdk/src/common/pico_util/pheap.c.obj
 *fill*         0x0000000010010fdb        0x1 
 .rodata.__func__.2
                0x0000000010010fdc       0x12 CMakeFiles/arducam_firmware.dir/Users/xiayuzeng/pico/pico-sdk/src/common/pico_util/pheap.c.obj
 *fill*         0x0000000010010fee        0x2 
 .rodata.__func__.3
                0x0000000010010ff0        0xc CMakeFiles/arducam_firmware.dir/Users/xiayuzeng/pico/pico-sdk/src/common/pico_util/pheap.c.obj
 .rodata.str1.4
                0x0000000010010ffc       0x8d CMakeFiles/arducam_firmware.dir/Users/xiayuzeng/pico/pico-sdk/src/common/pico_sync/mutex.c.obj
                                         0xf5 (size before relaxing)
 *fill*         0x0000000010011089        0x3 
 .rodata.__func__.1
                0x000000001001108c        0xb CMakeFiles/arducam_firmware.dir/Users/xiayuzeng/pico/pico-sdk/src/common/pico_sync/mutex.c.obj
 *fill*         0x0000000010011097        0x1 
 .rodata.__func__.3
                0x0000000010011098       0x18 CMakeFiles/arducam_firmware.dir/Users/xiayuzeng/pico/pico-sdk/src/common/pico_sync/mutex.c.obj
 .rodata.__func__.4
                0x00000000100110b0       0x15 CMakeFiles/arducam_firmware.dir/Users/xiayuzeng/pico/pico-sdk/src/common/pico_sync/mutex.c.obj
 *fill*         0x00000000100110c5        0x3 
 .rodata.__assert_func.str1.4
                0x00000000100110c8       0x3f CMakeFiles/arducam_firmware.dir/Users/xiayuzeng/pico/pico-sdk/src/rp2_common/pico_runtime/runtime.c.obj
                                         0x43 (size before relaxing)
 *fill*         0x0000000010011107        0x1 
 .rodata.runtime_init.str1.4
                0x0000000010011108       0x65 CMakeFiles/arducam_firmware.dir/Users/xiayuzeng/pico/pico-sdk/src/rp2_common/pico_runtime/runtime.c.obj
 *fill*         0x000000001001116d        0x3 
 .rodata.panic.str1.4
                0x0000000010011170       0x12 CMakeFiles/arducam_firmware.dir/Users/xiayuzeng/pico/pico-sdk/src/rp2_common/pico_runtime/runtime.c.obj
 *fill*         0x0000000010011182        0x2 
 .rodata.__func__.1
                0x0000000010011184        0xd CMakeFiles/arducam_firmware.dir/Users/xiayuzeng/pico/pico-sdk/src/rp2_common/pico_runtime/runtime.c.obj
 *fill*         0x0000000010011191        0x3 
 .rodata.clock_configure.str1.4
                0x0000000010011194       0x5b CMakeFiles/arducam_firmware.dir/Users/xiayuzeng/pico/pico-sdk/src/rp2_common/hardware_clocks/clocks.c.obj
 *fill*         0x00000000100111ef        0x1 
 .rodata.__func__.1
                0x00000000100111f0       0x10 CMakeFiles/arducam_firmware.dir/Users/xiayuzeng/pico/pico-sdk/src/rp2_common/hardware_clocks/clocks.c.obj
 .rodata.pll_init.str1.4
                0x0000000010011200      0x13f CMakeFiles/arducam_firmware.dir/Users/xiayuzeng/pico/pico-sdk/src/rp2_common/hardware_pll/pll.c.obj
 *fill*         0x000000001001133f        0x1 
 .rodata.__func__.0
                0x0000000010011340        0x9 CMakeFiles/arducam_firmware.dir/Users/xiayuzeng/pico/pico-sdk/src/rp2_common/hardware_pll/pll.c.obj
 *fill*         0x0000000010011349        0x3 
 .rodata._ftoa.str1.4
                0x000000001001134c       0x15 CMakeFiles/arducam_firmware.dir/Users/xiayuzeng/pico/pico-sdk/src/rp2_common/pico_printf/printf.c.obj
 *fill*         0x0000000010011361        0x3 
 .rodata._vsnprintf
                0x0000000010011364      0x1e0 CMakeFiles/arducam_firmware.dir/Users/xiayuzeng/pico/pico-sdk/src/rp2_common/pico_printf/printf.c.obj
 *fill*         0x0000000010011544        0x4 
 .rodata.pow10.0
                0x0000000010011548       0x50 CMakeFiles/arducam_firmware.dir/Users/xiayuzeng/pico/pico-sdk/src/rp2_common/pico_printf/printf.c.obj
 .rodata.__aeabi_double_init.str1.4
                0x0000000010011598       0xac CMakeFiles/arducam_firmware.dir/Users/xiayuzeng/pico/pico-sdk/src/rp2_common/pico_double/double_init_rom.c.obj
 .rodata.__func__.0
                0x0000000010011644       0x14 CMakeFiles/arducam_firmware.dir/Users/xiayuzeng/pico/pico-sdk/src/rp2_common/pico_double/double_init_rom.c.obj
 .rodata.__aeabi_float_init.str1.4
                0x0000000010011658       0x7e CMakeFiles/arducam_firmware.dir/Users/xiayuzeng/pico/pico-sdk/src/rp2_common/pico_float/float_init_rom.c.obj
                                         0x82 (size before relaxing)
 *fill*         0x00000000100116d6        0x2 
 .rodata.__func__.0
                0x00000000100116d8       0x13 CMakeFiles/arducam_firmware.dir/Users/xiayuzeng/pico/pico-sdk/src/rp2_common/pico_float/float_init_rom.c.obj
 *fill*         0x00000000100116eb        0x1 
 .rodata.str1.4
                0x00000000100116ec       0x48 CMakeFiles/arducam_firmware.dir/Users/xiayuzeng/pico/pico-sdk/src/rp2_common/pico_standard_link/binary_info.c.obj
 .rodata.__bi_44
                0x0000000010011734        0xc CMakeFiles/arducam_firmware.dir/Users/xiayuzeng/pico/pico-sdk/src/rp2_common/pico_standard_link/binary_info.c.obj
 .rodata.__bi_75
                0x0000000010011740        0xc CMakeFiles/arducam_firmware.dir/Users/xiayuzeng/pico/pico-sdk/src/rp2_common/pico_standard_link/binary_info.c.obj
 .rodata.__bi_81
                0x000000001001174c        0xc CMakeFiles/arducam_firmware.dir/Users/xiayuzeng/pico/pico-sdk/src/rp2_common/pico_standard_link/binary_info.c.obj
 .rodata.crlf_str.3